Device: cpu
Estimating normalization stats from 64 training batches...
Warm-started 70 tensors from /Users/yuziye/Documents/GitHub/physical-sensitivity-kernels/ckpt/disp2struct_crf.v1.2_cp/best.pt (missing=11, unexpected=0)
/Users/yuziye/Documents/GitHub/physical-sensitivity-kernels/disp_inv_train.v1.3.py:1318: FutureWarning: `torch.cuda.amp.GradScaler(args...)` is deprecated. Please use `torch.amp.GradScaler('cuda', args...)` instead.
  scaler = torch.cuda.amp.GradScaler(enabled=(cfg.use_amp and device.type == "cuda"))
========== Disp2Struct Control-Point CRF v1.3 Training Start ==========
H/T/Nc        : 256/59/28
period range  : 2.00 - 60.00 s
mask augment  : enabled=True, val=True
mask presets  : ((2.0, 40.0), (10.0, 30.0), (5.0, 35.0), (15.0, 45.0)), preset_prob=0.65
random window : 15.0-45.0 s, holes<= 6, point_drop=0.040
params        : 4263188
train batches : 1563
val batches   : 32
save_dir      : ckpt/disp2struct_crf.v1.3_cp
/Users/yuziye/Documents/GitHub/physical-sensitivity-kernels/disp_inv_train.v1.3.py:993: FutureWarning: `torch.cuda.amp.autocast(args...)` is deprecated. Please use `torch.amp.autocast('cuda', args...)` instead.
  with torch.cuda.amp.autocast(enabled=(use_amp and device.type == "cuda")):
[Step 00000100] epoch=001 batch=00100/01563 loss=0.339269 flow=0.281976 rec=0.113453 slope=0.008876 curv=0.012361 mae=0.11132 vp_mae=0.18627 vs_mae=0.08397 rho_mae=0.06371
[Step 00000200] epoch=001 batch=00200/01563 loss=0.333857 flow=0.271633 rec=0.123195 slope=0.009915 curv=0.013076 mae=0.11908 vp_mae=0.19629 vs_mae=0.09753 rho_mae=0.06341
[Step 00000300] epoch=001 batch=00300/01563 loss=0.328984 flow=0.277838 rec=0.101248 slope=0.008254 curv=0.011000 mae=0.10386 vp_mae=0.17068 vs_mae=0.08405 rho_mae=0.05685
[Step 00000400] epoch=001 batch=00400/01563 loss=0.334127 flow=0.276633 rec=0.113852 slope=0.008924 curv=0.012185 mae=0.10887 vp_mae=0.18305 vs_mae=0.08125 rho_mae=0.06231
[Step 00000500] epoch=001 batch=00500/01563 loss=0.330385 flow=0.271543 rec=0.116474 slope=0.009625 curv=0.012390 mae=0.11433 vp_mae=0.18927 vs_mae=0.08959 rho_mae=0.06412
[Step 00000600] epoch=001 batch=00600/01563 loss=0.344094 flow=0.283159 rec=0.120659 slope=0.009731 curv=0.011932 mae=0.11285 vp_mae=0.18841 vs_mae=0.08431 rho_mae=0.06584
[Step 00000700] epoch=001 batch=00700/01563 loss=0.341041 flow=0.286574 rec=0.107778 slope=0.009133 curv=0.012140 mae=0.10638 vp_mae=0.17704 vs_mae=0.08144 rho_mae=0.06067
[Step 00000800] epoch=001 batch=00800/01563 loss=0.322087 flow=0.271102 rec=0.100845 slope=0.008854 curv=0.011938 mae=0.10424 vp_mae=0.17456 vs_mae=0.08048 rho_mae=0.05768
[Step 00000900] epoch=001 batch=00900/01563 loss=0.304316 flow=0.247750 rec=0.112017 slope=0.008807 curv=0.011659 mae=0.11083 vp_mae=0.18847 vs_mae=0.07924 rho_mae=0.06478
[Step 00001000] epoch=001 batch=01000/01563 loss=0.302859 flow=0.254610 rec=0.095482 slope=0.008043 curv=0.010620 mae=0.09996 vp_mae=0.17087 vs_mae=0.07111 rho_mae=0.05791
[Step 00001100] epoch=001 batch=01100/01563 loss=0.321762 flow=0.265185 rec=0.112038 slope=0.008810 curv=0.011727 mae=0.11000 vp_mae=0.18020 vs_mae=0.08863 rho_mae=0.06116
[Step 00001200] epoch=001 batch=01200/01563 loss=0.383086 flow=0.311336 rec=0.142251 slope=0.009959 curv=0.012634 mae=0.12441 vp_mae=0.20492 vs_mae=0.09641 rho_mae=0.07192
[Step 00001300] epoch=001 batch=01300/01563 loss=0.295520 flow=0.248743 rec=0.092470 slope=0.008572 curv=0.011322 mae=0.09812 vp_mae=0.16590 vs_mae=0.07254 rho_mae=0.05592
[Step 00001400] epoch=001 batch=01400/01563 loss=0.326090 flow=0.266165 rec=0.118659 slope=0.009385 curv=0.012548 mae=0.11403 vp_mae=0.19407 vs_mae=0.08255 rho_mae=0.06546
[Step 00001500] epoch=001 batch=01500/01563 loss=0.313008 flow=0.251442 rec=0.121917 slope=0.009656 curv=0.012420 mae=0.11811 vp_mae=0.20152 vs_mae=0.08641 rho_mae=0.06640
[Epoch 001/024] time=875.4s lr=9.96e-05 | train: loss=0.32728, flow=0.27209, rec=0.10924, mae=0.1081, vp=0.1802, vs=0.0828, rho=0.0612 | val: loss=0.28983, flow=0.24095, sample_mae=0.2068, sample_vp=0.3555, sample_vs=0.1449, sample_rho=0.1199
  -> Best model saved to ckpt/disp2struct_crf.v1.3_cp/best.pt
[Step 00001600] epoch=002 batch=00037/01563 loss=0.295049 flow=0.246630 rec=0.095685 slope=0.009165 curv=0.011840 mae=0.10131 vp_mae=0.16973 vs_mae=0.07740 rho_mae=0.05682
[Step 00001700] epoch=002 batch=00137/01563 loss=0.326655 flow=0.272922 rec=0.106369 slope=0.008598 curv=0.011763 mae=0.10514 vp_mae=0.17784 vs_mae=0.07848 rho_mae=0.05911
[Step 00001800] epoch=002 batch=00237/01563 loss=0.305342 flow=0.256366 rec=0.096775 slope=0.009242 curv=0.012597 mae=0.10297 vp_mae=0.17335 vs_mae=0.07550 rho_mae=0.06007
[Step 00001900] epoch=002 batch=00337/01563 loss=0.327295 flow=0.271053 rec=0.111300 slope=0.009413 curv=0.012105 mae=0.11247 vp_mae=0.19493 vs_mae=0.07666 rho_mae=0.06581
[Step 00002000] epoch=002 batch=00437/01563 loss=0.323022 flow=0.273208 rec=0.098570 slope=0.008334 curv=0.011290 mae=0.09798 vp_mae=0.16297 vs_mae=0.07486 rho_mae=0.05612
[Step 00002100] epoch=002 batch=00537/01563 loss=0.294300 flow=0.245602 rec=0.096240 slope=0.009133 curv=0.012210 mae=0.10140 vp_mae=0.16613 vs_mae=0.08034 rho_mae=0.05774
[Step 00002200] epoch=002 batch=00637/01563 loss=0.320848 flow=0.261934 rec=0.116736 slope=0.008604 curv=0.011674 mae=0.11158 vp_mae=0.18844 vs_mae=0.08270 rho_mae=0.06361
[Step 00002300] epoch=002 batch=00737/01563 loss=0.308905 flow=0.249409 rec=0.117756 slope=0.009731 curv=0.013132 mae=0.11833 vp_mae=0.20031 vs_mae=0.08831 rho_mae=0.06636
[Step 00002400] epoch=002 batch=00837/01563 loss=0.323653 flow=0.272036 rec=0.102079 slope=0.008989 curv=0.012774 mae=0.10544 vp_mae=0.17733 vs_mae=0.07707 rho_mae=0.06191
[Step 00002500] epoch=002 batch=00937/01563 loss=0.321577 flow=0.262962 rec=0.116111 slope=0.008868 curv=0.011557 mae=0.10929 vp_mae=0.17827 vs_mae=0.08790 rho_mae=0.06170
[Step 00002600] epoch=002 batch=01037/01563 loss=0.346932 flow=0.277890 rec=0.136853 slope=0.009746 curv=0.012842 mae=0.12326 vp_mae=0.20471 vs_mae=0.09556 rho_mae=0.06950
[Step 00002700] epoch=002 batch=01137/01563 loss=0.295367 flow=0.244162 rec=0.101253 slope=0.009163 curv=0.011978 mae=0.10508 vp_mae=0.17570 vs_mae=0.07959 rho_mae=0.05995
[Step 00002800] epoch=002 batch=01237/01563 loss=0.361035 flow=0.305192 rec=0.110505 slope=0.009276 curv=0.012682 mae=0.10899 vp_mae=0.17979 vs_mae=0.08540 rho_mae=0.06176
[Step 00002900] epoch=002 batch=01337/01563 loss=0.293824 flow=0.248584 rec=0.089410 slope=0.008375 curv=0.011616 mae=0.09648 vp_mae=0.16230 vs_mae=0.07295 rho_mae=0.05420
[Step 00003000] epoch=002 batch=01437/01563 loss=0.299414 flow=0.257911 rec=0.081932 slope=0.008434 curv=0.011492 mae=0.09410 vp_mae=0.15543 vs_mae=0.07422 rho_mae=0.05266
[Step 00003100] epoch=002 batch=01537/01563 loss=0.333831 flow=0.277909 rec=0.110675 slope=0.009279 curv=0.012031 mae=0.10804 vp_mae=0.18038 vs_mae=0.08075 rho_mae=0.06298
[Epoch 002/024] time=763.0s lr=9.83e-05 | train: loss=0.32169, flow=0.26754, rec=0.10715, mae=0.1071, vp=0.1789, vs=0.0816, rho=0.0607 | val: loss=0.29112, flow=0.24000, sample_mae=0.2132, sample_vp=0.3623, sample_vs=0.1544, sample_rho=0.1227
[Step 00003200] epoch=003 batch=00074/01563 loss=0.306404 flow=0.256270 rec=0.099073 slope=0.009465 curv=0.012430 mae=0.10338 vp_mae=0.17286 vs_mae=0.07749 rho_mae=0.05978
[Step 00003300] epoch=003 batch=00174/01563 loss=0.315568 flow=0.266507 rec=0.096966 slope=0.009097 curv=0.012252 mae=0.10194 vp_mae=0.17225 vs_mae=0.07394 rho_mae=0.05964
[Step 00003400] epoch=003 batch=00274/01563 loss=0.291011 flow=0.236858 rec=0.107133 slope=0.009200 curv=0.012680 mae=0.10752 vp_mae=0.17868 vs_mae=0.08201 rho_mae=0.06187
[Step 00003500] epoch=003 batch=00374/01563 loss=0.321938 flow=0.269416 rec=0.103833 slope=0.009569 curv=0.012683 mae=0.10804 vp_mae=0.18289 vs_mae=0.07922 rho_mae=0.06201
[Step 00003600] epoch=003 batch=00474/01563 loss=0.310473 flow=0.258884 rec=0.102077 slope=0.008667 curv=0.011682 mae=0.10464 vp_mae=0.17812 vs_mae=0.07690 rho_mae=0.05889
[Step 00003700] epoch=003 batch=00574/01563 loss=0.325006 flow=0.269913 rec=0.109042 slope=0.008971 curv=0.012315 mae=0.10592 vp_mae=0.17734 vs_mae=0.07993 rho_mae=0.06050
[Step 00003800] epoch=003 batch=00674/01563 loss=0.308519 flow=0.252300 rec=0.111322 slope=0.008788 curv=0.011776 mae=0.10963 vp_mae=0.18194 vs_mae=0.08535 rho_mae=0.06162
[Step 00003900] epoch=003 batch=00774/01563 loss=0.307171 flow=0.263766 rec=0.085692 slope=0.008887 curv=0.011472 mae=0.09529 vp_mae=0.15863 vs_mae=0.07322 rho_mae=0.05401
[Step 00004000] epoch=003 batch=00874/01563 loss=0.338505 flow=0.284305 rec=0.107250 slope=0.009081 curv=0.012053 mae=0.10637 vp_mae=0.17602 vs_mae=0.08156 rho_mae=0.06153
[Step 00004100] epoch=003 batch=00974/01563 loss=0.319459 flow=0.270309 rec=0.097282 slope=0.008068 curv=0.010643 mae=0.09905 vp_mae=0.16349 vs_mae=0.07931 rho_mae=0.05437
[Step 00004200] epoch=003 batch=01074/01563 loss=0.316919 flow=0.259048 rec=0.114546 slope=0.009412 curv=0.012713 mae=0.11201 vp_mae=0.18876 vs_mae=0.08084 rho_mae=0.06643
[Step 00004300] epoch=003 batch=01174/01563 loss=0.330718 flow=0.283645 rec=0.092998 slope=0.009024 curv=0.012264 mae=0.09843 vp_mae=0.16539 vs_mae=0.07358 rho_mae=0.05632
[Step 00004400] epoch=003 batch=01274/01563 loss=0.321582 flow=0.267060 rec=0.107911 slope=0.008919 curv=0.011973 mae=0.10649 vp_mae=0.17605 vs_mae=0.08321 rho_mae=0.06021
[Step 00004500] epoch=003 batch=01374/01563 loss=0.308107 flow=0.258383 rec=0.098338 slope=0.008704 curv=0.012024 mae=0.10010 vp_mae=0.16908 vs_mae=0.07282 rho_mae=0.05840
[Step 00004600] epoch=003 batch=01474/01563 loss=0.286550 flow=0.244457 rec=0.083125 slope=0.008303 curv=0.011513 mae=0.09320 vp_mae=0.15771 vs_mae=0.06994 rho_mae=0.05196
[Epoch 003/024] time=701.4s lr=9.62e-05 | train: loss=0.31973, flow=0.26602, rec=0.10629, mae=0.1065, vp=0.1780, vs=0.0812, rho=0.0604 | val: loss=0.28296, flow=0.23197, sample_mae=0.2021, sample_vp=0.3476, sample_vs=0.1417, sample_rho=0.1169
  -> Best model saved to ckpt/disp2struct_crf.v1.3_cp/best.pt
[Step 00004700] epoch=004 batch=00011/01563 loss=0.326881 flow=0.272102 rec=0.108384 slope=0.009277 curv=0.012302 mae=0.10999 vp_mae=0.18301 vs_mae=0.08301 rho_mae=0.06395
[Step 00004800] epoch=004 batch=00111/01563 loss=0.322957 flow=0.274334 rec=0.096067 slope=0.009320 curv=0.012320 mae=0.10077 vp_mae=0.16731 vs_mae=0.07849 rho_mae=0.05650
[Step 00004900] epoch=004 batch=00211/01563 loss=0.317747 flow=0.271492 rec=0.091368 slope=0.008903 curv=0.012545 mae=0.09806 vp_mae=0.16060 vs_mae=0.07839 rho_mae=0.05521
[Step 00005000] epoch=004 batch=00311/01563 loss=0.333254 flow=0.277849 rec=0.109698 slope=0.008745 curv=0.011950 mae=0.10985 vp_mae=0.17947 vs_mae=0.08967 rho_mae=0.06040
[Step 00005100] epoch=004 batch=00411/01563 loss=0.304034 flow=0.255243 rec=0.096402 slope=0.009332 curv=0.012409 mae=0.10552 vp_mae=0.17752 vs_mae=0.07884 rho_mae=0.06021
[Step 00005200] epoch=004 batch=00511/01563 loss=0.332878 flow=0.271432 rec=0.121808 slope=0.008584 curv=0.011297 mae=0.11263 vp_mae=0.18695 vs_mae=0.08487 rho_mae=0.06608
[Step 00005300] epoch=004 batch=00611/01563 loss=0.335808 flow=0.278298 rec=0.113863 slope=0.009099 curv=0.012458 mae=0.11210 vp_mae=0.18695 vs_mae=0.08473 rho_mae=0.06464
[Step 00005400] epoch=004 batch=00711/01563 loss=0.318108 flow=0.260170 rec=0.114637 slope=0.009831 curv=0.012766 mae=0.10979 vp_mae=0.18377 vs_mae=0.08304 rho_mae=0.06257
[Step 00005500] epoch=004 batch=00811/01563 loss=0.332251 flow=0.277330 rec=0.108639 slope=0.009454 curv=0.012835 mae=0.11010 vp_mae=0.18414 vs_mae=0.08442 rho_mae=0.06175
[Step 00005600] epoch=004 batch=00911/01563 loss=0.290950 flow=0.242792 rec=0.095231 slope=0.008565 curv=0.011455 mae=0.09961 vp_mae=0.16529 vs_mae=0.07667 rho_mae=0.05688
[Step 00005700] epoch=004 batch=01011/01563 loss=0.314569 flow=0.265313 rec=0.097421 slope=0.008555 curv=0.011740 mae=0.09897 vp_mae=0.16792 vs_mae=0.07138 rho_mae=0.05759
[Step 00005800] epoch=004 batch=01111/01563 loss=0.315605 flow=0.270066 rec=0.089961 slope=0.008861 curv=0.011500 mae=0.09780 vp_mae=0.16369 vs_mae=0.07247 rho_mae=0.05723
[Step 00005900] epoch=004 batch=01211/01563 loss=0.310094 flow=0.257626 rec=0.103750 slope=0.009385 curv=0.012324 mae=0.10710 vp_mae=0.17914 vs_mae=0.08236 rho_mae=0.05980
[Step 00006000] epoch=004 batch=01311/01563 loss=0.316123 flow=0.262271 rec=0.106600 slope=0.008710 curv=0.011652 mae=0.10671 vp_mae=0.17764 vs_mae=0.08099 rho_mae=0.06151
[Step 00006100] epoch=004 batch=01411/01563 loss=0.355444 flow=0.302958 rec=0.103837 slope=0.009004 curv=0.011686 mae=0.10299 vp_mae=0.17000 vs_mae=0.08189 rho_mae=0.05708
[Step 00006200] epoch=004 batch=01511/01563 loss=0.296502 flow=0.254463 rec=0.083064 slope=0.008020 curv=0.010580 mae=0.09227 vp_mae=0.15721 vs_mae=0.06727 rho_mae=0.05232
[Epoch 004/024] time=630.4s lr=9.34e-05 | train: loss=0.31823, flow=0.26488, rec=0.10557, mae=0.1061, vp=0.1775, vs=0.0806, rho=0.0603 | val: loss=0.28868, flow=0.23730, sample_mae=0.2016, sample_vp=0.3470, sample_vs=0.1408, sample_rho=0.1171
[Step 00006300] epoch=005 batch=00048/01563 loss=0.306161 flow=0.254158 rec=0.102887 slope=0.008792 curv=0.011968 mae=0.10733 vp_mae=0.18193 vs_mae=0.07777 rho_mae=0.06228
[Step 00006400] epoch=005 batch=00148/01563 loss=0.310268 flow=0.267545 rec=0.084365 slope=0.008500 curv=0.011621 mae=0.09510 vp_mae=0.15863 vs_mae=0.07313 rho_mae=0.05354
[Step 00006500] epoch=005 batch=00248/01563 loss=0.323856 flow=0.268100 rec=0.110432 slope=0.008417 curv=0.011825 mae=0.10855 vp_mae=0.18335 vs_mae=0.08181 rho_mae=0.06049
[Step 00006600] epoch=005 batch=00348/01563 loss=0.332441 flow=0.270783 rec=0.122106 slope=0.009624 curv=0.012361 mae=0.11633 vp_mae=0.19926 vs_mae=0.08338 rho_mae=0.06633
[Step 00006700] epoch=005 batch=00448/01563 loss=0.284014 flow=0.246655 rec=0.073664 slope=0.008207 curv=0.011634 mae=0.08537 vp_mae=0.14083 vs_mae=0.06736 rho_mae=0.04793
[Step 00006800] epoch=005 batch=00548/01563 loss=0.290415 flow=0.237567 rec=0.104522 slope=0.009288 curv=0.012274 mae=0.10715 vp_mae=0.17865 vs_mae=0.08164 rho_mae=0.06117
[Step 00006900] epoch=005 batch=00648/01563 loss=0.313801 flow=0.262208 rec=0.102037 slope=0.009136 curv=0.011855 mae=0.10407 vp_mae=0.17320 vs_mae=0.08086 rho_mae=0.05816
[Step 00007000] epoch=005 batch=00748/01563 loss=0.358728 flow=0.288900 rec=0.138476 slope=0.009318 curv=0.012409 mae=0.12725 vp_mae=0.21280 vs_mae=0.09783 rho_mae=0.07113
[Step 00007100] epoch=005 batch=00848/01563 loss=0.315599 flow=0.260222 rec=0.109552 slope=0.009513 curv=0.012486 mae=0.10990 vp_mae=0.18280 vs_mae=0.08363 rho_mae=0.06327
[Step 00007200] epoch=005 batch=00948/01563 loss=0.315036 flow=0.265873 rec=0.097273 slope=0.008349 curv=0.010871 mae=0.09919 vp_mae=0.16602 vs_mae=0.07569 rho_mae=0.05587
[Step 00007300] epoch=005 batch=01048/01563 loss=0.330836 flow=0.265423 rec=0.129596 slope=0.009772 curv=0.012673 mae=0.11948 vp_mae=0.20324 vs_mae=0.08644 rho_mae=0.06877
[Step 00007400] epoch=005 batch=01148/01563 loss=0.314433 flow=0.271665 rec=0.084419 slope=0.008792 curv=0.011933 mae=0.09566 vp_mae=0.15716 vs_mae=0.07662 rho_mae=0.05321
[Step 00007500] epoch=005 batch=01248/01563 loss=0.316044 flow=0.260890 rec=0.109177 slope=0.008984 curv=0.011640 mae=0.11003 vp_mae=0.18883 vs_mae=0.07647 rho_mae=0.06478
[Step 00007600] epoch=005 batch=01348/01563 loss=0.301183 flow=0.250480 rec=0.100340 slope=0.008448 curv=0.011103 mae=0.10076 vp_mae=0.16791 vs_mae=0.07615 rho_mae=0.05823
[Step 00007700] epoch=005 batch=01448/01563 loss=0.305409 flow=0.253165 rec=0.103260 slope=0.009715 curv=0.012769 mae=0.10705 vp_mae=0.17877 vs_mae=0.08156 rho_mae=0.06082
[Step 00007800] epoch=005 batch=01548/01563 loss=0.322051 flow=0.256522 rec=0.129817 slope=0.009786 curv=0.013120 mae=0.12234 vp_mae=0.20382 vs_mae=0.09358 rho_mae=0.06961
[Epoch 005/024] time=629.8s lr=8.98e-05 | train: loss=0.31692, flow=0.26373, rec=0.10523, mae=0.1059, vp=0.1773, vs=0.0803, rho=0.0602 | val: loss=0.28273, flow=0.23316, sample_mae=0.2051, sample_vp=0.3516, sample_vs=0.1441, sample_rho=0.1197
  -> Best model saved to ckpt/disp2struct_crf.v1.3_cp/best.pt
[Step 00007900] epoch=006 batch=00085/01563 loss=0.334712 flow=0.271556 rec=0.125184 slope=0.008926 curv=0.011766 mae=0.11639 vp_mae=0.19515 vs_mae=0.08811 rho_mae=0.06593
[Step 00008000] epoch=006 batch=00185/01563 loss=0.307389 flow=0.261054 rec=0.091478 slope=0.009386 curv=0.012667 mae=0.09951 vp_mae=0.16674 vs_mae=0.07471 rho_mae=0.05706
[Step 00008100] epoch=006 batch=00285/01563 loss=0.364410 flow=0.303045 rec=0.121566 slope=0.009235 curv=0.012059 mae=0.11317 vp_mae=0.18849 vs_mae=0.08671 rho_mae=0.06432
[Step 00008200] epoch=006 batch=00385/01563 loss=0.314879 flow=0.261850 rec=0.104915 slope=0.009026 curv=0.012043 mae=0.10614 vp_mae=0.17835 vs_mae=0.07940 rho_mae=0.06066
[Step 00008300] epoch=006 batch=00485/01563 loss=0.295866 flow=0.240590 rec=0.109405 slope=0.009133 curv=0.011742 mae=0.10894 vp_mae=0.17949 vs_mae=0.08574 rho_mae=0.06160
[Step 00008400] epoch=006 batch=00585/01563 loss=0.307515 flow=0.248887 rec=0.116055 slope=0.009442 curv=0.012902 mae=0.11340 vp_mae=0.18303 vs_mae=0.09515 rho_mae=0.06202
[Step 00008500] epoch=006 batch=00685/01563 loss=0.307193 flow=0.254213 rec=0.104894 slope=0.008398 curv=0.011316 mae=0.10610 vp_mae=0.17777 vs_mae=0.08016 rho_mae=0.06037
[Step 00008600] epoch=006 batch=00785/01563 loss=0.331615 flow=0.283785 rec=0.094569 slope=0.008661 curv=0.011300 mae=0.09836 vp_mae=0.16358 vs_mae=0.07719 rho_mae=0.05432
[Step 00008700] epoch=006 batch=00885/01563 loss=0.298337 flow=0.249812 rec=0.096014 slope=0.008085 curv=0.011345 mae=0.10314 vp_mae=0.17521 vs_mae=0.07446 rho_mae=0.05974
[Step 00008800] epoch=006 batch=00985/01563 loss=0.311912 flow=0.262885 rec=0.096969 slope=0.008577 curv=0.011357 mae=0.10128 vp_mae=0.17327 vs_mae=0.07294 rho_mae=0.05762
[Step 00008900] epoch=006 batch=01085/01563 loss=0.289173 flow=0.238290 rec=0.100591 slope=0.009371 curv=0.011925 mae=0.10026 vp_mae=0.16700 vs_mae=0.07640 rho_mae=0.05739
[Step 00009000] epoch=006 batch=01185/01563 loss=0.287586 flow=0.246425 rec=0.081251 slope=0.008378 curv=0.011634 mae=0.09457 vp_mae=0.15797 vs_mae=0.07213 rho_mae=0.05360
[Step 00009100] epoch=006 batch=01285/01563 loss=0.295905 flow=0.245124 rec=0.100450 slope=0.008790 curv=0.011630 mae=0.10255 vp_mae=0.16982 vs_mae=0.07940 rho_mae=0.05843
[Step 00009200] epoch=006 batch=01385/01563 loss=0.299904 flow=0.258570 rec=0.081588 slope=0.008557 curv=0.011209 mae=0.09213 vp_mae=0.15330 vs_mae=0.07056 rho_mae=0.05252
[Step 00009300] epoch=006 batch=01485/01563 loss=0.301088 flow=0.244312 rec=0.112336 slope=0.009652 curv=0.012570 mae=0.11156 vp_mae=0.19113 vs_mae=0.07740 rho_mae=0.06614
[Epoch 006/024] time=629.5s lr=8.55e-05 | train: loss=0.31446, flow=0.26182, rec=0.10415, mae=0.1053, vp=0.1762, vs=0.0799, rho=0.0598 | val: loss=0.28461, flow=0.23647, sample_mae=0.1960, sample_vp=0.3364, sample_vs=0.1378, sample_rho=0.1139
[Step 00009400] epoch=007 batch=00022/01563 loss=0.345104 flow=0.279807 rec=0.129426 slope=0.009279 curv=0.012054 mae=0.11812 vp_mae=0.19859 vs_mae=0.08765 rho_mae=0.06811
[Step 00009500] epoch=007 batch=00122/01563 loss=0.301355 flow=0.258746 rec=0.084201 slope=0.008042 curv=0.010609 mae=0.09373 vp_mae=0.15661 vs_mae=0.07211 rho_mae=0.05246
[Step 00009600] epoch=007 batch=00222/01563 loss=0.315327 flow=0.249871 rec=0.129710 slope=0.009548 curv=0.012364 mae=0.11979 vp_mae=0.20262 vs_mae=0.08636 rho_mae=0.07038
[Step 00009700] epoch=007 batch=00322/01563 loss=0.310016 flow=0.264468 rec=0.090036 slope=0.008326 curv=0.011381 mae=0.09736 vp_mae=0.16616 vs_mae=0.07128 rho_mae=0.05464
[Step 00009800] epoch=007 batch=00422/01563 loss=0.339889 flow=0.286757 rec=0.105151 slope=0.008769 curv=0.011766 mae=0.10946 vp_mae=0.18472 vs_mae=0.08284 rho_mae=0.06084
[Step 00009900] epoch=007 batch=00522/01563 loss=0.337827 flow=0.275510 rec=0.123502 slope=0.008943 curv=0.011816 mae=0.11689 vp_mae=0.19616 vs_mae=0.08890 rho_mae=0.06561
[Step 00010000] epoch=007 batch=00622/01563 loss=0.318188 flow=0.267201 rec=0.100786 slope=0.009360 curv=0.012563 mae=0.10462 vp_mae=0.17658 vs_mae=0.07801 rho_mae=0.05928
[Step 00010100] epoch=007 batch=00722/01563 loss=0.288040 flow=0.243364 rec=0.088235 slope=0.008816 curv=0.011877 mae=0.09792 vp_mae=0.16402 vs_mae=0.07581 rho_mae=0.05395
[Step 00010200] epoch=007 batch=00822/01563 loss=0.322698 flow=0.262058 rec=0.120134 slope=0.009081 curv=0.011919 mae=0.11339 vp_mae=0.18680 vs_mae=0.08825 rho_mae=0.06512
[Step 00010300] epoch=007 batch=00922/01563 loss=0.290259 flow=0.247488 rec=0.084433 slope=0.008710 curv=0.011892 mae=0.09453 vp_mae=0.15851 vs_mae=0.07285 rho_mae=0.05222
[Step 00010400] epoch=007 batch=01022/01563 loss=0.312844 flow=0.258570 rec=0.107468 slope=0.008571 curv=0.011195 mae=0.10644 vp_mae=0.17856 vs_mae=0.08038 rho_mae=0.06037
[Step 00010500] epoch=007 batch=01122/01563 loss=0.316018 flow=0.262526 rec=0.105869 slope=0.008778 curv=0.011815 mae=0.10404 vp_mae=0.17424 vs_mae=0.07846 rho_mae=0.05941
[Step 00010600] epoch=007 batch=01222/01563 loss=0.317346 flow=0.264042 rec=0.105441 slope=0.009258 curv=0.012108 mae=0.10945 vp_mae=0.18426 vs_mae=0.08302 rho_mae=0.06106
[Step 00010700] epoch=007 batch=01322/01563 loss=0.331820 flow=0.277401 rec=0.107642 slope=0.009530 curv=0.012135 mae=0.10680 vp_mae=0.17741 vs_mae=0.08311 rho_mae=0.05986
[Step 00010800] epoch=007 batch=01422/01563 loss=0.322088 flow=0.272896 rec=0.097328 slope=0.008323 curv=0.011149 mae=0.09893 vp_mae=0.16794 vs_mae=0.07163 rho_mae=0.05722
[Step 00010900] epoch=007 batch=01522/01563 loss=0.302286 flow=0.245559 rec=0.112289 slope=0.009204 curv=0.012260 mae=0.11089 vp_mae=0.18441 vs_mae=0.08492 rho_mae=0.06333
[Epoch 007/024] time=629.9s lr=8.06e-05 | train: loss=0.31362, flow=0.26119, rec=0.10373, mae=0.1050, vp=0.1760, vs=0.0794, rho=0.0597 | val: loss=0.28202, flow=0.23446, sample_mae=0.2012, sample_vp=0.3449, sample_vs=0.1419, sample_rho=0.1168
  -> Best model saved to ckpt/disp2struct_crf.v1.3_cp/best.pt
[Step 00011000] epoch=008 batch=00059/01563 loss=0.324284 flow=0.269244 rec=0.108985 slope=0.008663 curv=0.011442 mae=0.10812 vp_mae=0.18148 vs_mae=0.08148 rho_mae=0.06140
[Step 00011100] epoch=008 batch=00159/01563 loss=0.330673 flow=0.275031 rec=0.110132 slope=0.009122 curv=0.011950 mae=0.11035 vp_mae=0.18506 vs_mae=0.08251 rho_mae=0.06349
[Step 00011200] epoch=008 batch=00259/01563 loss=0.303792 flow=0.258547 rec=0.089414 slope=0.008470 curv=0.011348 mae=0.09702 vp_mae=0.16276 vs_mae=0.07253 rho_mae=0.05577
[Step 00011300] epoch=008 batch=00359/01563 loss=0.308782 flow=0.265063 rec=0.086324 slope=0.008740 curv=0.012018 mae=0.09687 vp_mae=0.16249 vs_mae=0.07253 rho_mae=0.05559
[Step 00011400] epoch=008 batch=00459/01563 loss=0.312198 flow=0.261498 rec=0.100216 slope=0.009352 curv=0.012420 mae=0.10566 vp_mae=0.17699 vs_mae=0.08217 rho_mae=0.05783
[Step 00011500] epoch=008 batch=00559/01563 loss=0.324291 flow=0.257752 rec=0.131890 slope=0.009368 curv=0.012566 mae=0.12068 vp_mae=0.20057 vs_mae=0.09108 rho_mae=0.07038
[Step 00011600] epoch=008 batch=00659/01563 loss=0.300843 flow=0.247676 rec=0.105197 slope=0.008902 curv=0.012357 mae=0.10847 vp_mae=0.18508 vs_mae=0.07949 rho_mae=0.06083
[Step 00011700] epoch=008 batch=00759/01563 loss=0.311856 flow=0.258217 rec=0.106124 slope=0.009054 curv=0.012403 mae=0.10695 vp_mae=0.17486 vs_mae=0.08541 rho_mae=0.06057
[Step 00011800] epoch=008 batch=00859/01563 loss=0.325936 flow=0.273420 rec=0.103806 slope=0.009769 curv=0.012387 mae=0.10664 vp_mae=0.18019 vs_mae=0.07929 rho_mae=0.06044
[Step 00011900] epoch=008 batch=00959/01563 loss=0.305038 flow=0.257605 rec=0.093699 slope=0.009165 curv=0.012562 mae=0.10123 vp_mae=0.17279 vs_mae=0.07177 rho_mae=0.05912
[Step 00012000] epoch=008 batch=01059/01563 loss=0.295221 flow=0.243675 rec=0.101895 slope=0.009510 curv=0.012284 mae=0.10384 vp_mae=0.17564 vs_mae=0.07530 rho_mae=0.06059
[Step 00012100] epoch=008 batch=01159/01563 loss=0.324530 flow=0.275182 rec=0.097599 slope=0.008584 curv=0.011914 mae=0.10161 vp_mae=0.16716 vs_mae=0.08064 rho_mae=0.05703
[Step 00012200] epoch=008 batch=01259/01563 loss=0.319739 flow=0.267390 rec=0.103511 slope=0.009307 curv=0.012745 mae=0.10510 vp_mae=0.17657 vs_mae=0.07901 rho_mae=0.05972
[Step 00012300] epoch=008 batch=01359/01563 loss=0.315350 flow=0.261279 rec=0.107008 slope=0.008858 curv=0.012439 mae=0.10636 vp_mae=0.18123 vs_mae=0.07475 rho_mae=0.06309
[Step 00012400] epoch=008 batch=01459/01563 loss=0.293068 flow=0.246002 rec=0.093028 slope=0.008753 curv=0.011363 mae=0.10216 vp_mae=0.17092 vs_mae=0.07904 rho_mae=0.05653
[Step 00012500] epoch=008 batch=01559/01563 loss=0.322870 flow=0.263444 rec=0.117708 slope=0.009068 curv=0.011827 mae=0.11275 vp_mae=0.18663 vs_mae=0.08893 rho_mae=0.06269
[Epoch 008/024] time=630.9s lr=7.53e-05 | train: loss=0.31159, flow=0.25962, rec=0.10281, mae=0.1046, vp=0.1753, vs=0.0791, rho=0.0594 | val: loss=0.27951, flow=0.23012, sample_mae=0.2069, sample_vp=0.3543, sample_vs=0.1469, sample_rho=0.1195
  -> Best model saved to ckpt/disp2struct_crf.v1.3_cp/best.pt
[Step 00012600] epoch=009 batch=00096/01563 loss=0.306889 flow=0.248441 rec=0.115740 slope=0.009112 curv=0.012304 mae=0.11300 vp_mae=0.18738 vs_mae=0.08594 rho_mae=0.06568
[Step 00012700] epoch=009 batch=00196/01563 loss=0.318743 flow=0.255592 rec=0.125162 slope=0.008971 curv=0.012177 mae=0.11245 vp_mae=0.18777 vs_mae=0.08684 rho_mae=0.06274
[Step 00012800] epoch=009 batch=00296/01563 loss=0.334170 flow=0.280347 rec=0.106575 slope=0.008433 curv=0.011444 mae=0.10440 vp_mae=0.17502 vs_mae=0.07795 rho_mae=0.06023
[Step 00012900] epoch=009 batch=00396/01563 loss=0.337070 flow=0.276982 rec=0.119021 slope=0.009059 curv=0.012460 mae=0.11480 vp_mae=0.19347 vs_mae=0.08615 rho_mae=0.06477
[Step 00013000] epoch=009 batch=00496/01563 loss=0.308484 flow=0.251810 rec=0.112179 slope=0.009222 curv=0.012318 mae=0.11140 vp_mae=0.19110 vs_mae=0.07745 rho_mae=0.06566
[Step 00013100] epoch=009 batch=00596/01563 loss=0.333641 flow=0.284577 rec=0.096939 slope=0.009433 curv=0.012242 mae=0.10207 vp_mae=0.16765 vs_mae=0.08240 rho_mae=0.05618
[Step 00013200] epoch=009 batch=00696/01563 loss=0.319943 flow=0.261137 rec=0.116478 slope=0.008991 curv=0.011672 mae=0.11034 vp_mae=0.18648 vs_mae=0.08215 rho_mae=0.06239
[Step 00013300] epoch=009 batch=00796/01563 loss=0.317965 flow=0.265593 rec=0.103610 slope=0.009002 curv=0.011707 mae=0.10559 vp_mae=0.17473 vs_mae=0.08383 rho_mae=0.05820
[Step 00013400] epoch=009 batch=00896/01563 loss=0.270976 flow=0.227707 rec=0.085423 slope=0.008759 curv=0.011964 mae=0.09497 vp_mae=0.16200 vs_mae=0.06907 rho_mae=0.05382
[Step 00013500] epoch=009 batch=00996/01563 loss=0.292928 flow=0.245232 rec=0.094340 slope=0.008273 curv=0.011248 mae=0.09973 vp_mae=0.16582 vs_mae=0.07893 rho_mae=0.05444
[Step 00013600] epoch=009 batch=01096/01563 loss=0.274527 flow=0.228551 rec=0.090795 slope=0.009054 curv=0.012587 mae=0.09890 vp_mae=0.16424 vs_mae=0.07722 rho_mae=0.05525
[Step 00013700] epoch=009 batch=01196/01563 loss=0.310870 flow=0.258471 rec=0.103617 slope=0.009414 curv=0.011966 mae=0.10554 vp_mae=0.17764 vs_mae=0.07862 rho_mae=0.06037
[Step 00013800] epoch=009 batch=01296/01563 loss=0.305396 flow=0.253474 rec=0.102695 slope=0.009097 curv=0.012002 mae=0.10493 vp_mae=0.17888 vs_mae=0.07575 rho_mae=0.06016
[Step 00013900] epoch=009 batch=01396/01563 loss=0.318138 flow=0.259674 rec=0.115705 slope=0.009687 curv=0.012810 mae=0.11394 vp_mae=0.19267 vs_mae=0.08400 rho_mae=0.06514
[Step 00014000] epoch=009 batch=01496/01563 loss=0.299906 flow=0.253073 rec=0.092516 slope=0.009103 curv=0.011877 mae=0.09908 vp_mae=0.16768 vs_mae=0.07428 rho_mae=0.05528
[Epoch 009/024] time=636.1s lr=6.94e-05 | train: loss=0.31086, flow=0.25910, rec=0.10239, mae=0.1043, vp=0.1748, vs=0.0788, rho=0.0593 | val: loss=0.27716, flow=0.22915, sample_mae=0.2042, sample_vp=0.3505, sample_vs=0.1436, sample_rho=0.1184
  -> Best model saved to ckpt/disp2struct_crf.v1.3_cp/best.pt
[Step 00014100] epoch=010 batch=00033/01563 loss=0.296236 flow=0.256268 rec=0.078852 slope=0.008538 curv=0.011484 mae=0.08916 vp_mae=0.15166 vs_mae=0.06509 rho_mae=0.05073
[Step 00014200] epoch=010 batch=00133/01563 loss=0.305578 flow=0.262294 rec=0.085477 slope=0.008645 curv=0.011267 mae=0.09796 vp_mae=0.16621 vs_mae=0.07485 rho_mae=0.05283
[Step 00014300] epoch=010 batch=00233/01563 loss=0.307311 flow=0.245076 rec=0.123361 slope=0.008777 curv=0.011569 mae=0.11718 vp_mae=0.19468 vs_mae=0.08893 rho_mae=0.06793
[Step 00014400] epoch=010 batch=00333/01563 loss=0.309980 flow=0.252235 rec=0.114242 slope=0.009852 curv=0.013176 mae=0.11470 vp_mae=0.19449 vs_mae=0.08300 rho_mae=0.06661
[Step 00014500] epoch=010 batch=00433/01563 loss=0.351030 flow=0.287285 rec=0.126275 slope=0.009672 curv=0.012398 mae=0.11738 vp_mae=0.19443 vs_mae=0.09167 rho_mae=0.06605
[Step 00014600] epoch=010 batch=00533/01563 loss=0.293840 flow=0.245367 rec=0.095801 slope=0.009011 curv=0.012113 mae=0.10005 vp_mae=0.16797 vs_mae=0.07515 rho_mae=0.05704
[Step 00014700] epoch=010 batch=00633/01563 loss=0.274563 flow=0.235236 rec=0.077639 slope=0.007902 curv=0.011194 mae=0.09142 vp_mae=0.15444 vs_mae=0.06734 rho_mae=0.05248
[Step 00014800] epoch=010 batch=00733/01563 loss=0.303885 flow=0.252916 rec=0.100765 slope=0.009316 curv=0.012063 mae=0.10330 vp_mae=0.17406 vs_mae=0.07824 rho_mae=0.05759
[Step 00014900] epoch=010 batch=00833/01563 loss=0.311399 flow=0.254057 rec=0.113540 slope=0.008957 curv=0.012434 mae=0.11084 vp_mae=0.18523 vs_mae=0.08324 rho_mae=0.06406
[Step 00015000] epoch=010 batch=00933/01563 loss=0.297932 flow=0.253698 rec=0.087403 slope=0.008367 curv=0.011448 mae=0.09484 vp_mae=0.15645 vs_mae=0.07659 rho_mae=0.05147
[Step 00015100] epoch=010 batch=01033/01563 loss=0.345352 flow=0.281271 rec=0.126999 slope=0.009201 curv=0.012212 mae=0.11759 vp_mae=0.19519 vs_mae=0.09106 rho_mae=0.06653
[Step 00015200] epoch=010 batch=01133/01563 loss=0.332760 flow=0.277382 rec=0.109595 slope=0.009136 curv=0.012324 mae=0.10871 vp_mae=0.18070 vs_mae=0.08523 rho_mae=0.06022
[Step 00015300] epoch=010 batch=01233/01563 loss=0.347468 flow=0.289395 rec=0.115095 slope=0.008353 curv=0.010769 mae=0.10524 vp_mae=0.17155 vs_mae=0.08360 rho_mae=0.06057
[Step 00015400] epoch=010 batch=01333/01563 loss=0.314097 flow=0.258393 rec=0.110204 slope=0.009457 curv=0.012845 mae=0.11153 vp_mae=0.19050 vs_mae=0.08045 rho_mae=0.06365
[Step 00015500] epoch=010 batch=01433/01563 loss=0.292817 flow=0.238467 rec=0.107578 slope=0.008786 curv=0.012183 mae=0.10745 vp_mae=0.18129 vs_mae=0.08087 rho_mae=0.06019
[Step 00015600] epoch=010 batch=01533/01563 loss=0.295298 flow=0.244638 rec=0.100150 slope=0.009227 curv=0.012406 mae=0.10171 vp_mae=0.17217 vs_mae=0.07455 rho_mae=0.05842
[Epoch 010/024] time=663.2s lr=6.33e-05 | train: loss=0.31011, flow=0.25840, rec=0.10230, mae=0.1042, vp=0.1748, vs=0.0786, rho=0.0593 | val: loss=0.28247, flow=0.23377, sample_mae=0.2038, sample_vp=0.3492, sample_vs=0.1440, sample_rho=0.1180
[Step 00015700] epoch=011 batch=00070/01563 loss=0.318038 flow=0.264165 rec=0.106663 slope=0.008501 curv=0.011626 mae=0.10392 vp_mae=0.17353 vs_mae=0.07904 rho_mae=0.05919
[Step 00015800] epoch=011 batch=00170/01563 loss=0.310983 flow=0.256581 rec=0.107730 slope=0.008489 curv=0.011303 mae=0.10797 vp_mae=0.18099 vs_mae=0.08101 rho_mae=0.06191
[Step 00015900] epoch=011 batch=00270/01563 loss=0.305018 flow=0.259195 rec=0.090583 slope=0.008327 curv=0.011486 mae=0.09612 vp_mae=0.16105 vs_mae=0.07153 rho_mae=0.05577
[Step 00016000] epoch=011 batch=00370/01563 loss=0.302313 flow=0.247895 rec=0.107638 slope=0.009506 curv=0.012348 mae=0.10667 vp_mae=0.17924 vs_mae=0.08027 rho_mae=0.06049
[Step 00016100] epoch=011 batch=00470/01563 loss=0.292493 flow=0.249414 rec=0.085045 slope=0.008728 curv=0.011983 mae=0.09586 vp_mae=0.16292 vs_mae=0.07059 rho_mae=0.05406
[Step 00016200] epoch=011 batch=00570/01563 loss=0.331923 flow=0.274878 rec=0.112898 slope=0.009479 curv=0.012237 mae=0.11200 vp_mae=0.18740 vs_mae=0.08520 rho_mae=0.06341
[Step 00016300] epoch=011 batch=00670/01563 loss=0.298743 flow=0.251067 rec=0.094225 slope=0.008924 curv=0.011711 mae=0.09907 vp_mae=0.16730 vs_mae=0.07231 rho_mae=0.05759
[Step 00016400] epoch=011 batch=00770/01563 loss=0.322387 flow=0.274694 rec=0.094313 slope=0.008401 curv=0.011640 mae=0.09621 vp_mae=0.16199 vs_mae=0.06997 rho_mae=0.05667
[Step 00016500] epoch=011 batch=00870/01563 loss=0.325786 flow=0.273624 rec=0.103231 slope=0.008630 curv=0.011545 mae=0.10291 vp_mae=0.16753 vs_mae=0.08268 rho_mae=0.05852
[Step 00016600] epoch=011 batch=00970/01563 loss=0.257186 flow=0.219026 rec=0.075274 slope=0.008263 curv=0.010972 mae=0.08661 vp_mae=0.14102 vs_mae=0.06909 rho_mae=0.04973
[Step 00016700] epoch=011 batch=01070/01563 loss=0.327564 flow=0.270542 rec=0.112812 slope=0.009791 curv=0.012654 mae=0.10920 vp_mae=0.17976 vs_mae=0.08626 rho_mae=0.06158
[Step 00016800] epoch=011 batch=01170/01563 loss=0.304640 flow=0.258211 rec=0.091763 slope=0.008569 curv=0.011825 mae=0.09868 vp_mae=0.16510 vs_mae=0.07501 rho_mae=0.05595
[Step 00016900] epoch=011 batch=01270/01563 loss=0.287088 flow=0.249684 rec=0.073661 slope=0.008987 curv=0.012376 mae=0.08816 vp_mae=0.14864 vs_mae=0.06551 rho_mae=0.05034
[Step 00017000] epoch=011 batch=01370/01563 loss=0.333387 flow=0.276992 rec=0.111621 slope=0.009243 curv=0.012270 mae=0.10880 vp_mae=0.18230 vs_mae=0.08355 rho_mae=0.06055
[Step 00017100] epoch=011 batch=01470/01563 loss=0.310602 flow=0.259070 rec=0.101928 slope=0.009092 curv=0.011398 mae=0.10447 vp_mae=0.17544 vs_mae=0.07855 rho_mae=0.05942
[Epoch 011/024] time=632.0s lr=5.70e-05 | train: loss=0.30860, flow=0.25733, rec=0.10141, mae=0.1037, vp=0.1739, vs=0.0783, rho=0.0590 | val: loss=0.27210, flow=0.22594, sample_mae=0.2019, sample_vp=0.3460, sample_vs=0.1431, sample_rho=0.1165
  -> Best model saved to ckpt/disp2struct_crf.v1.3_cp/best.pt
[Step 00017200] epoch=012 batch=00007/01563 loss=0.330316 flow=0.272981 rec=0.113543 slope=0.008865 curv=0.012026 mae=0.10979 vp_mae=0.18796 vs_mae=0.07761 rho_mae=0.06378
[Step 00017300] epoch=012 batch=00107/01563 loss=0.266469 flow=0.225968 rec=0.079944 slope=0.008285 curv=0.011457 mae=0.09335 vp_mae=0.15923 vs_mae=0.06844 rho_mae=0.05239
[Step 00017400] epoch=012 batch=00207/01563 loss=0.293765 flow=0.241107 rec=0.104139 slope=0.009312 curv=0.012239 mae=0.10753 vp_mae=0.18075 vs_mae=0.08009 rho_mae=0.06174
[Step 00017500] epoch=012 batch=00307/01563 loss=0.305621 flow=0.251028 rec=0.108012 slope=0.009257 curv=0.012398 mae=0.10949 vp_mae=0.18295 vs_mae=0.08528 rho_mae=0.06025
[Step 00017600] epoch=012 batch=00407/01563 loss=0.295678 flow=0.239817 rec=0.110536 slope=0.009443 curv=0.012121 mae=0.10881 vp_mae=0.18084 vs_mae=0.08634 rho_mae=0.05924
[Step 00017700] epoch=012 batch=00507/01563 loss=0.314574 flow=0.261426 rec=0.105224 slope=0.008445 curv=0.011366 mae=0.10332 vp_mae=0.17667 vs_mae=0.07374 rho_mae=0.05956
[Step 00017800] epoch=012 batch=00607/01563 loss=0.332532 flow=0.268808 rec=0.126143 slope=0.010346 curv=0.013505 mae=0.11752 vp_mae=0.19726 vs_mae=0.09003 rho_mae=0.06526
[Step 00017900] epoch=012 batch=00707/01563 loss=0.283468 flow=0.237596 rec=0.090667 slope=0.008533 curv=0.011269 mae=0.09790 vp_mae=0.16587 vs_mae=0.07007 rho_mae=0.05777
[Step 00018000] epoch=012 batch=00807/01563 loss=0.283458 flow=0.245907 rec=0.074081 slope=0.008066 curv=0.010783 mae=0.08669 vp_mae=0.14398 vs_mae=0.06800 rho_mae=0.04809
[Step 00018100] epoch=012 batch=00907/01563 loss=0.285362 flow=0.236520 rec=0.096516 slope=0.009113 curv=0.012828 mae=0.10281 vp_mae=0.17446 vs_mae=0.07528 rho_mae=0.05870
[Step 00018200] epoch=012 batch=01007/01563 loss=0.291875 flow=0.246285 rec=0.090003 slope=0.009395 curv=0.011927 mae=0.09544 vp_mae=0.15835 vs_mae=0.07463 rho_mae=0.05333
[Step 00018300] epoch=012 batch=01107/01563 loss=0.348443 flow=0.285067 rec=0.125577 slope=0.009216 curv=0.012672 mae=0.11520 vp_mae=0.19158 vs_mae=0.08808 rho_mae=0.06593
[Step 00018400] epoch=012 batch=01207/01563 loss=0.308529 flow=0.263230 rec=0.089395 slope=0.009470 curv=0.012777 mae=0.09667 vp_mae=0.16032 vs_mae=0.07435 rho_mae=0.05532
[Step 00018500] epoch=012 batch=01307/01563 loss=0.353145 flow=0.296835 rec=0.111463 slope=0.009172 curv=0.012010 mae=0.10525 vp_mae=0.17524 vs_mae=0.08148 rho_mae=0.05902
[Step 00018600] epoch=012 batch=01407/01563 loss=0.325998 flow=0.266265 rec=0.118289 slope=0.009301 curv=0.012364 mae=0.11194 vp_mae=0.18683 vs_mae=0.08776 rho_mae=0.06123
[Step 00018700] epoch=012 batch=01507/01563 loss=0.305571 flow=0.257085 rec=0.095875 slope=0.008669 curv=0.011429 mae=0.09804 vp_mae=0.16396 vs_mae=0.07466 rho_mae=0.05549
[Epoch 012/024] time=629.1s lr=5.05e-05 | train: loss=0.30766, flow=0.25641, rec=0.10138, mae=0.1036, vp=0.1739, vs=0.0781, rho=0.0590 | val: loss=0.27074, flow=0.22512, sample_mae=0.1963, sample_vp=0.3390, sample_vs=0.1351, sample_rho=0.1148
  -> Best model saved to ckpt/disp2struct_crf.v1.3_cp/best.pt
[Step 00018800] epoch=013 batch=00044/01563 loss=0.320928 flow=0.266484 rec=0.107682 slope=0.009592 curv=0.012291 mae=0.10720 vp_mae=0.18235 vs_mae=0.07646 rho_mae=0.06278
[Step 00018900] epoch=013 batch=00144/01563 loss=0.288160 flow=0.232942 rec=0.109192 slope=0.009822 curv=0.013011 mae=0.10951 vp_mae=0.18340 vs_mae=0.08220 rho_mae=0.06293
[Step 00019000] epoch=013 batch=00244/01563 loss=0.333305 flow=0.268876 rec=0.127617 slope=0.009795 curv=0.013167 mae=0.11831 vp_mae=0.19749 vs_mae=0.09077 rho_mae=0.06667
[Step 00019100] epoch=013 batch=00344/01563 loss=0.294785 flow=0.243516 rec=0.101372 slope=0.009168 curv=0.012542 mae=0.10337 vp_mae=0.17614 vs_mae=0.07462 rho_mae=0.05936
[Step 00019200] epoch=013 batch=00444/01563 loss=0.265908 flow=0.218139 rec=0.094387 slope=0.009155 curv=0.011741 mae=0.09909 vp_mae=0.16552 vs_mae=0.07599 rho_mae=0.05575
[Step 00019300] epoch=013 batch=00544/01563 loss=0.296960 flow=0.255801 rec=0.081304 slope=0.007999 curv=0.010713 mae=0.08790 vp_mae=0.14789 vs_mae=0.06509 rho_mae=0.05074
[Step 00019400] epoch=013 batch=00644/01563 loss=0.287132 flow=0.242625 rec=0.087975 slope=0.008127 curv=0.011333 mae=0.09514 vp_mae=0.15643 vs_mae=0.07462 rho_mae=0.05437
[Step 00019500] epoch=013 batch=00744/01563 loss=0.339470 flow=0.274651 rec=0.128521 slope=0.008874 curv=0.011426 mae=0.12021 vp_mae=0.20331 vs_mae=0.09115 rho_mae=0.06618
[Step 00019600] epoch=013 batch=00844/01563 loss=0.288986 flow=0.239488 rec=0.097915 slope=0.008520 curv=0.011435 mae=0.09922 vp_mae=0.16542 vs_mae=0.07633 rho_mae=0.05592
[Step 00019700] epoch=013 batch=00944/01563 loss=0.313829 flow=0.253773 rec=0.118975 slope=0.009144 curv=0.011154 mae=0.11369 vp_mae=0.19122 vs_mae=0.08440 rho_mae=0.06546
[Step 00019800] epoch=013 batch=01044/01563 loss=0.343303 flow=0.285993 rec=0.113491 slope=0.008946 curv=0.011676 mae=0.10598 vp_mae=0.16972 vs_mae=0.09046 rho_mae=0.05775
[Step 00019900] epoch=013 batch=01144/01563 loss=0.305805 flow=0.248534 rec=0.113403 slope=0.009035 curv=0.011760 mae=0.10984 vp_mae=0.18469 vs_mae=0.08144 rho_mae=0.06338
[Step 00020000] epoch=013 batch=01244/01563 loss=0.328177 flow=0.276356 rec=0.102503 slope=0.009002 curv=0.011977 mae=0.10297 vp_mae=0.17438 vs_mae=0.07631 rho_mae=0.05821
[Step 00020100] epoch=013 batch=01344/01563 loss=0.322143 flow=0.270946 rec=0.101266 slope=0.008833 curv=0.012216 mae=0.10461 vp_mae=0.17568 vs_mae=0.07935 rho_mae=0.05880
[Step 00020200] epoch=013 batch=01444/01563 loss=0.303733 flow=0.262406 rec=0.081634 slope=0.008017 curv=0.010925 mae=0.09283 vp_mae=0.15601 vs_mae=0.06980 rho_mae=0.05269
[Step 00020300] epoch=013 batch=01544/01563 loss=0.281745 flow=0.233333 rec=0.095691 slope=0.008939 curv=0.011939 mae=0.09991 vp_mae=0.16537 vs_mae=0.07673 rho_mae=0.05763
[Epoch 013/024] time=628.4s lr=4.40e-05 | train: loss=0.30588, flow=0.25518, rec=0.10027, mae=0.1030, vp=0.1730, vs=0.0774, rho=0.0587 | val: loss=0.27660, flow=0.23096, sample_mae=0.1982, sample_vp=0.3428, sample_vs=0.1362, sample_rho=0.1156
[Step 00020400] epoch=014 batch=00081/01563 loss=0.288956 flow=0.245049 rec=0.086773 slope=0.008174 curv=0.011181 mae=0.09644 vp_mae=0.16365 vs_mae=0.07095 rho_mae=0.05473
[Step 00020500] epoch=014 batch=00181/01563 loss=0.281423 flow=0.235148 rec=0.091423 slope=0.008948 curv=0.011579 mae=0.09886 vp_mae=0.16862 vs_mae=0.07185 rho_mae=0.05611
[Step 00020600] epoch=014 batch=00281/01563 loss=0.315321 flow=0.266702 rec=0.096139 slope=0.008650 curv=0.011619 mae=0.10043 vp_mae=0.16674 vs_mae=0.07683 rho_mae=0.05773
[Step 00020700] epoch=014 batch=00381/01563 loss=0.305239 flow=0.245880 rec=0.117601 slope=0.008760 curv=0.012122 mae=0.11057 vp_mae=0.18476 vs_mae=0.08358 rho_mae=0.06338
[Step 00020800] epoch=014 batch=00481/01563 loss=0.342580 flow=0.279034 rec=0.125950 slope=0.009004 curv=0.012047 mae=0.11464 vp_mae=0.19398 vs_mae=0.08422 rho_mae=0.06572
[Step 00020900] epoch=014 batch=00581/01563 loss=0.333995 flow=0.278036 rec=0.110845 slope=0.008496 curv=0.011159 mae=0.10549 vp_mae=0.17306 vs_mae=0.08504 rho_mae=0.05838
[Step 00021000] epoch=014 batch=00681/01563 loss=0.269713 flow=0.220873 rec=0.096505 slope=0.009268 curv=0.012456 mae=0.10299 vp_mae=0.17399 vs_mae=0.07736 rho_mae=0.05762
[Step 00021100] epoch=014 batch=00781/01563 loss=0.286819 flow=0.234128 rec=0.104128 slope=0.009962 curv=0.012865 mae=0.10854 vp_mae=0.18431 vs_mae=0.07920 rho_mae=0.06209
[Step 00021200] epoch=014 batch=00881/01563 loss=0.335972 flow=0.273464 rec=0.123824 slope=0.009496 curv=0.012125 mae=0.11741 vp_mae=0.19682 vs_mae=0.09000 rho_mae=0.06541
[Step 00021300] epoch=014 batch=00981/01563 loss=0.301362 flow=0.250237 rec=0.101148 slope=0.008662 curv=0.011828 mae=0.10296 vp_mae=0.17022 vs_mae=0.08228 rho_mae=0.05638
[Step 00021400] epoch=014 batch=01081/01563 loss=0.297150 flow=0.250938 rec=0.091298 slope=0.008936 curv=0.011660 mae=0.10194 vp_mae=0.17383 vs_mae=0.07344 rho_mae=0.05854
[Step 00021500] epoch=014 batch=01181/01563 loss=0.291090 flow=0.249891 rec=0.081337 slope=0.008243 curv=0.011799 mae=0.09426 vp_mae=0.15752 vs_mae=0.07194 rho_mae=0.05332
[Step 00021600] epoch=014 batch=01281/01563 loss=0.306435 flow=0.244970 rec=0.121742 slope=0.009300 curv=0.012924 mae=0.11593 vp_mae=0.19638 vs_mae=0.08526 rho_mae=0.06615
[Step 00021700] epoch=014 batch=01381/01563 loss=0.295324 flow=0.250531 rec=0.088549 slope=0.008181 curv=0.010963 mae=0.09596 vp_mae=0.15902 vs_mae=0.07514 rho_mae=0.05372
[Step 00021800] epoch=014 batch=01481/01563 loss=0.307413 flow=0.258006 rec=0.097735 slope=0.008440 curv=0.011854 mae=0.09911 vp_mae=0.16371 vs_mae=0.07890 rho_mae=0.05473
[Epoch 014/024] time=629.2s lr=3.77e-05 | train: loss=0.30516, flow=0.25464, rec=0.09991, mae=0.1028, vp=0.1726, vs=0.0772, rho=0.0585 | val: loss=0.27730, flow=0.23060, sample_mae=0.1987, sample_vp=0.3431, sample_vs=0.1369, sample_rho=0.1160
[Step 00021900] epoch=015 batch=00018/01563 loss=0.307394 flow=0.249378 rec=0.114902 slope=0.008898 curv=0.011970 mae=0.11072 vp_mae=0.18320 vs_mae=0.08570 rho_mae=0.06326
[Step 00022000] epoch=015 batch=00118/01563 loss=0.308204 flow=0.259604 rec=0.096043 slope=0.009123 curv=0.012272 mae=0.10187 vp_mae=0.17304 vs_mae=0.07632 rho_mae=0.05626
[Step 00022100] epoch=015 batch=00218/01563 loss=0.285306 flow=0.240597 rec=0.088267 slope=0.009071 curv=0.012223 mae=0.09706 vp_mae=0.16711 vs_mae=0.06936 rho_mae=0.05472
[Step 00022200] epoch=015 batch=00318/01563 loss=0.318101 flow=0.263652 rec=0.107726 slope=0.009276 curv=0.012253 mae=0.10637 vp_mae=0.18146 vs_mae=0.07418 rho_mae=0.06347
[Step 00022300] epoch=015 batch=00418/01563 loss=0.305408 flow=0.252134 rec=0.105477 slope=0.008402 curv=0.011585 mae=0.10533 vp_mae=0.17514 vs_mae=0.08198 rho_mae=0.05888
[Step 00022400] epoch=015 batch=00518/01563 loss=0.334527 flow=0.278633 rec=0.110660 slope=0.008953 curv=0.011643 mae=0.11088 vp_mae=0.18656 vs_mae=0.08452 rho_mae=0.06155
[Step 00022500] epoch=015 batch=00618/01563 loss=0.314817 flow=0.257826 rec=0.112784 slope=0.009448 curv=0.012694 mae=0.10946 vp_mae=0.18830 vs_mae=0.07509 rho_mae=0.06501
[Step 00022600] epoch=015 batch=00718/01563 loss=0.289521 flow=0.230797 rec=0.116232 slope=0.009643 curv=0.012606 mae=0.11093 vp_mae=0.18539 vs_mae=0.08476 rho_mae=0.06266
[Step 00022700] epoch=015 batch=00818/01563 loss=0.303291 flow=0.255857 rec=0.093769 slope=0.008605 curv=0.011887 mae=0.09933 vp_mae=0.16982 vs_mae=0.07123 rho_mae=0.05693
[Step 00022800] epoch=015 batch=00918/01563 loss=0.328639 flow=0.282222 rec=0.091689 slope=0.009030 curv=0.012168 mae=0.09740 vp_mae=0.16069 vs_mae=0.07599 rho_mae=0.05550
[Step 00022900] epoch=015 batch=01018/01563 loss=0.294916 flow=0.244158 rec=0.100410 slope=0.008650 curv=0.012068 mae=0.10098 vp_mae=0.17039 vs_mae=0.07511 rho_mae=0.05743
[Step 00023000] epoch=015 batch=01118/01563 loss=0.316447 flow=0.271888 rec=0.088039 slope=0.008443 curv=0.011681 mae=0.09455 vp_mae=0.15670 vs_mae=0.07453 rho_mae=0.05243
[Step 00023100] epoch=015 batch=01218/01563 loss=0.292779 flow=0.241697 rec=0.101044 slope=0.008883 curv=0.011645 mae=0.10175 vp_mae=0.17367 vs_mae=0.07300 rho_mae=0.05859
[Step 00023200] epoch=015 batch=01318/01563 loss=0.288317 flow=0.236816 rec=0.101764 slope=0.009771 curv=0.013066 mae=0.10632 vp_mae=0.17955 vs_mae=0.07921 rho_mae=0.06020
[Step 00023300] epoch=015 batch=01418/01563 loss=0.317587 flow=0.256317 rec=0.121452 slope=0.008585 curv=0.011464 mae=0.11328 vp_mae=0.18603 vs_mae=0.09122 rho_mae=0.06259
[Step 00023400] epoch=015 batch=01518/01563 loss=0.287139 flow=0.235847 rec=0.101420 slope=0.009165 curv=0.012333 mae=0.10351 vp_mae=0.17216 vs_mae=0.07945 rho_mae=0.05892
[Epoch 015/024] time=628.7s lr=3.16e-05 | train: loss=0.30323, flow=0.25297, rec=0.09939, mae=0.1025, vp=0.1722, vs=0.0768, rho=0.0584 | val: loss=0.26957, flow=0.22241, sample_mae=0.2000, sample_vp=0.3444, sample_vs=0.1392, sample_rho=0.1164
  -> Best model saved to ckpt/disp2struct_crf.v1.3_cp/best.pt
[Step 00023500] epoch=016 batch=00055/01563 loss=0.306293 flow=0.255766 rec=0.099905 slope=0.009108 curv=0.011899 mae=0.10068 vp_mae=0.16792 vs_mae=0.07560 rho_mae=0.05851
[Step 00023600] epoch=016 batch=00155/01563 loss=0.289732 flow=0.246790 rec=0.084793 slope=0.008589 curv=0.011617 mae=0.09479 vp_mae=0.16072 vs_mae=0.06890 rho_mae=0.05477
[Step 00023700] epoch=016 batch=00255/01563 loss=0.302459 flow=0.252561 rec=0.098644 slope=0.009134 curv=0.012003 mae=0.10409 vp_mae=0.17339 vs_mae=0.08046 rho_mae=0.05842
[Step 00023800] epoch=016 batch=00355/01563 loss=0.299483 flow=0.248007 rec=0.101722 slope=0.009777 curv=0.012660 mae=0.10492 vp_mae=0.17483 vs_mae=0.08101 rho_mae=0.05892
[Step 00023900] epoch=016 batch=00455/01563 loss=0.290686 flow=0.246940 rec=0.086396 slope=0.008646 curv=0.011601 mae=0.09304 vp_mae=0.15521 vs_mae=0.07233 rho_mae=0.05158
[Step 00024000] epoch=016 batch=00555/01563 loss=0.308735 flow=0.256674 rec=0.102992 slope=0.008960 curv=0.011657 mae=0.10291 vp_mae=0.17344 vs_mae=0.07692 rho_mae=0.05837
[Step 00024100] epoch=016 batch=00655/01563 loss=0.300382 flow=0.261161 rec=0.077401 slope=0.008149 curv=0.011274 mae=0.08900 vp_mae=0.15048 vs_mae=0.06651 rho_mae=0.05001
[Step 00024200] epoch=016 batch=00755/01563 loss=0.298686 flow=0.253198 rec=0.089866 slope=0.008652 curv=0.012282 mae=0.09664 vp_mae=0.15892 vs_mae=0.07696 rho_mae=0.05403
[Step 00024300] epoch=016 batch=00855/01563 loss=0.280766 flow=0.236903 rec=0.086605 slope=0.008820 curv=0.011906 mae=0.09526 vp_mae=0.16264 vs_mae=0.06815 rho_mae=0.05499
[Step 00024400] epoch=016 batch=00955/01563 loss=0.318713 flow=0.265949 rec=0.104357 slope=0.009296 curv=0.012029 mae=0.10865 vp_mae=0.18548 vs_mae=0.07646 rho_mae=0.06402
[Step 00024500] epoch=016 batch=01055/01563 loss=0.295226 flow=0.257040 rec=0.075368 slope=0.007861 curv=0.010854 mae=0.08613 vp_mae=0.14610 vs_mae=0.06181 rho_mae=0.05049
[Step 00024600] epoch=016 batch=01155/01563 loss=0.294881 flow=0.246809 rec=0.094943 slope=0.009445 curv=0.012838 mae=0.10236 vp_mae=0.17398 vs_mae=0.07476 rho_mae=0.05834
[Step 00024700] epoch=016 batch=01255/01563 loss=0.332658 flow=0.282746 rec=0.098778 slope=0.008223 curv=0.011256 mae=0.10046 vp_mae=0.16813 vs_mae=0.07562 rho_mae=0.05763
[Step 00024800] epoch=016 batch=01355/01563 loss=0.290787 flow=0.249132 rec=0.082282 slope=0.008147 curv=0.010608 mae=0.09066 vp_mae=0.15042 vs_mae=0.07035 rho_mae=0.05120
[Step 00024900] epoch=016 batch=01455/01563 loss=0.277950 flow=0.235961 rec=0.082990 slope=0.007715 curv=0.010816 mae=0.09410 vp_mae=0.16117 vs_mae=0.06772 rho_mae=0.05340
[Step 00025000] epoch=016 batch=01555/01563 loss=0.267843 flow=0.219761 rec=0.095086 slope=0.008536 curv=0.011200 mae=0.09986 vp_mae=0.16499 vs_mae=0.07751 rho_mae=0.05707
[Epoch 016/024] time=629.6s lr=2.58e-05 | train: loss=0.30218, flow=0.25216, rec=0.09892, mae=0.1022, vp=0.1717, vs=0.0767, rho=0.0582 | val: loss=0.27095, flow=0.22479, sample_mae=0.1950, sample_vp=0.3360, sample_vs=0.1358, sample_rho=0.1133
[Step 00025100] epoch=017 batch=00092/01563 loss=0.299162 flow=0.244821 rec=0.107494 slope=0.009375 curv=0.012596 mae=0.11000 vp_mae=0.18679 vs_mae=0.07986 rho_mae=0.06334
[Step 00025200] epoch=017 batch=00192/01563 loss=0.295174 flow=0.248369 rec=0.092551 slope=0.008386 curv=0.010958 mae=0.09692 vp_mae=0.15983 vs_mae=0.07494 rho_mae=0.05598
[Step 00025300] epoch=017 batch=00292/01563 loss=0.321631 flow=0.268585 rec=0.104934 slope=0.009179 curv=0.012043 mae=0.10346 vp_mae=0.17366 vs_mae=0.07807 rho_mae=0.05866
[Step 00025400] epoch=017 batch=00392/01563 loss=0.327517 flow=0.268764 rec=0.116369 slope=0.008916 curv=0.012250 mae=0.10896 vp_mae=0.18473 vs_mae=0.08074 rho_mae=0.06141
[Step 00025500] epoch=017 batch=00492/01563 loss=0.285436 flow=0.237180 rec=0.095456 slope=0.008377 curv=0.010939 mae=0.10054 vp_mae=0.16976 vs_mae=0.07480 rho_mae=0.05706
[Step 00025600] epoch=017 batch=00592/01563 loss=0.306542 flow=0.256132 rec=0.099717 slope=0.008773 curv=0.011279 mae=0.09875 vp_mae=0.16387 vs_mae=0.07609 rho_mae=0.05630
[Step 00025700] epoch=017 batch=00692/01563 loss=0.290582 flow=0.240858 rec=0.098371 slope=0.008561 curv=0.011012 mae=0.10129 vp_mae=0.17150 vs_mae=0.07377 rho_mae=0.05859
[Step 00025800] epoch=017 batch=00792/01563 loss=0.288834 flow=0.230396 rec=0.115611 slope=0.009926 curv=0.013589 mae=0.11590 vp_mae=0.19614 vs_mae=0.08620 rho_mae=0.06536
[Step 00025900] epoch=017 batch=00892/01563 loss=0.311481 flow=0.262510 rec=0.096865 slope=0.008495 curv=0.011358 mae=0.10166 vp_mae=0.17224 vs_mae=0.07351 rho_mae=0.05923
[Step 00026000] epoch=017 batch=00992/01563 loss=0.283203 flow=0.242132 rec=0.081067 slope=0.008436 curv=0.011588 mae=0.09288 vp_mae=0.15436 vs_mae=0.07314 rho_mae=0.05115
[Step 00026100] epoch=017 batch=01092/01563 loss=0.272853 flow=0.232710 rec=0.079131 slope=0.009138 curv=0.012033 mae=0.09196 vp_mae=0.15232 vs_mae=0.07103 rho_mae=0.05254
[Step 00026200] epoch=017 batch=01192/01563 loss=0.314304 flow=0.270367 rec=0.086787 slope=0.008728 curv=0.010753 mae=0.09549 vp_mae=0.15960 vs_mae=0.07350 rho_mae=0.05335
[Step 00026300] epoch=017 batch=01292/01563 loss=0.299095 flow=0.240583 rec=0.115883 slope=0.008989 curv=0.012078 mae=0.11225 vp_mae=0.18849 vs_mae=0.08406 rho_mae=0.06419
[Step 00026400] epoch=017 batch=01392/01563 loss=0.331098 flow=0.266565 rec=0.127886 slope=0.009313 curv=0.012473 mae=0.11807 vp_mae=0.19715 vs_mae=0.08920 rho_mae=0.06786
[Step 00026500] epoch=017 batch=01492/01563 loss=0.326436 flow=0.262491 rec=0.126814 slope=0.008488 curv=0.011345 mae=0.11441 vp_mae=0.19109 vs_mae=0.08723 rho_mae=0.06492
[Epoch 017/024] time=628.8s lr=2.04e-05 | train: loss=0.30199, flow=0.25196, rec=0.09893, mae=0.1022, vp=0.1718, vs=0.0766, rho=0.0582 | val: loss=0.26551, flow=0.22039, sample_mae=0.1954, sample_vp=0.3386, sample_vs=0.1332, sample_rho=0.1142
  -> Best model saved to ckpt/disp2struct_crf.v1.3_cp/best.pt
[Step 00026600] epoch=018 batch=00029/01563 loss=0.317890 flow=0.272323 rec=0.090028 slope=0.008686 curv=0.011897 mae=0.09691 vp_mae=0.16477 vs_mae=0.06969 rho_mae=0.05627
[Step 00026700] epoch=018 batch=00129/01563 loss=0.270320 flow=0.222167 rec=0.095168 slope=0.008934 curv=0.012199 mae=0.10001 vp_mae=0.17124 vs_mae=0.07053 rho_mae=0.05825
[Step 00026800] epoch=018 batch=00229/01563 loss=0.318529 flow=0.263727 rec=0.108486 slope=0.008830 curv=0.011749 mae=0.10694 vp_mae=0.17823 vs_mae=0.08300 rho_mae=0.05960
[Step 00026900] epoch=018 batch=00329/01563 loss=0.347738 flow=0.288931 rec=0.116428 slope=0.009399 curv=0.012390 mae=0.11272 vp_mae=0.18842 vs_mae=0.08747 rho_mae=0.06227
[Step 00027000] epoch=018 batch=00429/01563 loss=0.294525 flow=0.253041 rec=0.081962 slope=0.007840 curv=0.011024 mae=0.09354 vp_mae=0.15823 vs_mae=0.06928 rho_mae=0.05311
[Step 00027100] epoch=018 batch=00529/01563 loss=0.309784 flow=0.258780 rec=0.100887 slope=0.008790 curv=0.012150 mae=0.10793 vp_mae=0.18283 vs_mae=0.07923 rho_mae=0.06173
[Step 00027200] epoch=018 batch=00629/01563 loss=0.336472 flow=0.273365 rec=0.125016 slope=0.009478 curv=0.012491 mae=0.11577 vp_mae=0.19344 vs_mae=0.08690 rho_mae=0.06696
[Step 00027300] epoch=018 batch=00729/01563 loss=0.273439 flow=0.235653 rec=0.074474 slope=0.008629 curv=0.011747 mae=0.08829 vp_mae=0.14865 vs_mae=0.06704 rho_mae=0.04918
[Step 00027400] epoch=018 batch=00829/01563 loss=0.291515 flow=0.239007 rec=0.103908 slope=0.008678 curv=0.012001 mae=0.10437 vp_mae=0.17714 vs_mae=0.07566 rho_mae=0.06031
[Step 00027500] epoch=018 batch=00929/01563 loss=0.341038 flow=0.285681 rec=0.109585 slope=0.008889 curv=0.012073 mae=0.10667 vp_mae=0.17847 vs_mae=0.08202 rho_mae=0.05952
[Step 00027600] epoch=018 batch=01029/01563 loss=0.318664 flow=0.268660 rec=0.098946 slope=0.008297 curv=0.011605 mae=0.09862 vp_mae=0.16480 vs_mae=0.07520 rho_mae=0.05588
[Step 00027700] epoch=018 batch=01129/01563 loss=0.307840 flow=0.258338 rec=0.097832 slope=0.009247 curv=0.012287 mae=0.10305 vp_mae=0.17335 vs_mae=0.07679 rho_mae=0.05902
[Step 00027800] epoch=018 batch=01229/01563 loss=0.284505 flow=0.245466 rec=0.077030 slope=0.008258 curv=0.011076 mae=0.08884 vp_mae=0.14839 vs_mae=0.06634 rho_mae=0.05180
[Step 00027900] epoch=018 batch=01329/01563 loss=0.305899 flow=0.259847 rec=0.090931 slope=0.009290 curv=0.012229 mae=0.09693 vp_mae=0.16300 vs_mae=0.07228 rho_mae=0.05552
[Step 00028000] epoch=018 batch=01429/01563 loss=0.263168 flow=0.224952 rec=0.075335 slope=0.008700 curv=0.011376 mae=0.08973 vp_mae=0.14949 vs_mae=0.06980 rho_mae=0.04988
[Step 00028100] epoch=018 batch=01529/01563 loss=0.310009 flow=0.259261 rec=0.100384 slope=0.008714 curv=0.011958 mae=0.10438 vp_mae=0.17729 vs_mae=0.07675 rho_mae=0.05909
[Epoch 018/024] time=627.7s lr=1.55e-05 | train: loss=0.30024, flow=0.25078, rec=0.09780, mae=0.1016, vp=0.1709, vs=0.0760, rho=0.0579 | val: loss=0.26683, flow=0.22149, sample_mae=0.1915, sample_vp=0.3312, sample_vs=0.1318, sample_rho=0.1117
[Step 00028200] epoch=019 batch=00066/01563 loss=0.319920 flow=0.260477 rec=0.117704 slope=0.009275 curv=0.012700 mae=0.11048 vp_mae=0.18984 vs_mae=0.07806 rho_mae=0.06355
[Step 00028300] epoch=019 batch=00166/01563 loss=0.271981 flow=0.227754 rec=0.087283 slope=0.009330 curv=0.011952 mae=0.09618 vp_mae=0.16220 vs_mae=0.07234 rho_mae=0.05399
[Step 00028400] epoch=019 batch=00266/01563 loss=0.285843 flow=0.251674 rec=0.067284 slope=0.008328 curv=0.011112 mae=0.08304 vp_mae=0.13982 vs_mae=0.06197 rho_mae=0.04734
[Step 00028500] epoch=019 batch=00366/01563 loss=0.321154 flow=0.275296 rec=0.090645 slope=0.008426 curv=0.011411 mae=0.09947 vp_mae=0.16422 vs_mae=0.07777 rho_mae=0.05641
[Step 00028600] epoch=019 batch=00466/01563 loss=0.325580 flow=0.268068 rec=0.113818 slope=0.009464 curv=0.012989 mae=0.11128 vp_mae=0.18685 vs_mae=0.08344 rho_mae=0.06355
[Step 00028700] epoch=019 batch=00566/01563 loss=0.279665 flow=0.232694 rec=0.092815 slope=0.008841 curv=0.012108 mae=0.10031 vp_mae=0.17124 vs_mae=0.07255 rho_mae=0.05713
[Step 00028800] epoch=019 batch=00666/01563 loss=0.273629 flow=0.237306 rec=0.071599 slope=0.008243 curv=0.011077 mae=0.08496 vp_mae=0.14022 vs_mae=0.06594 rho_mae=0.04872
[Step 00028900] epoch=019 batch=00766/01563 loss=0.292706 flow=0.247309 rec=0.089697 slope=0.008647 curv=0.011604 mae=0.09603 vp_mae=0.16173 vs_mae=0.07097 rho_mae=0.05540
[Step 00029000] epoch=019 batch=00866/01563 loss=0.318430 flow=0.267292 rec=0.101121 slope=0.009071 curv=0.012373 mae=0.10486 vp_mae=0.17573 vs_mae=0.07946 rho_mae=0.05940
[Step 00029100] epoch=019 batch=00966/01563 loss=0.280114 flow=0.226500 rec=0.106128 slope=0.008710 curv=0.011420 mae=0.10682 vp_mae=0.17934 vs_mae=0.07997 rho_mae=0.06116
[Step 00029200] epoch=019 batch=01066/01563 loss=0.325520 flow=0.268200 rec=0.113429 slope=0.009578 curv=0.012620 mae=0.10814 vp_mae=0.17908 vs_mae=0.08400 rho_mae=0.06135
[Step 00029300] epoch=019 batch=01166/01563 loss=0.284670 flow=0.235358 rec=0.097362 slope=0.009969 curv=0.013274 mae=0.10434 vp_mae=0.17347 vs_mae=0.08056 rho_mae=0.05898
[Step 00029400] epoch=019 batch=01266/01563 loss=0.325618 flow=0.261806 rec=0.126452 slope=0.009255 curv=0.012265 mae=0.11298 vp_mae=0.19343 vs_mae=0.08195 rho_mae=0.06355
[Step 00029500] epoch=019 batch=01366/01563 loss=0.276029 flow=0.226793 rec=0.097308 slope=0.009179 curv=0.012288 mae=0.10204 vp_mae=0.17146 vs_mae=0.07525 rho_mae=0.05942
[Step 00029600] epoch=019 batch=01466/01563 loss=0.301519 flow=0.254533 rec=0.092893 slope=0.008509 curv=0.011469 mae=0.09852 vp_mae=0.16451 vs_mae=0.07555 rho_mae=0.05551
[Epoch 019/024] time=628.8s lr=1.12e-05 | train: loss=0.29909, flow=0.24989, rec=0.09727, mae=0.1012, vp=0.1703, vs=0.0757, rho=0.0577 | val: loss=0.25983, flow=0.21393, sample_mae=0.1909, sample_vp=0.3307, sample_vs=0.1306, sample_rho=0.1113
  -> Best model saved to ckpt/disp2struct_crf.v1.3_cp/best.pt
[Step 00029700] epoch=020 batch=00003/01563 loss=0.293208 flow=0.239471 rec=0.106356 slope=0.008794 curv=0.011969 mae=0.10694 vp_mae=0.18323 vs_mae=0.07549 rho_mae=0.06210
[Step 00029800] epoch=020 batch=00103/01563 loss=0.287964 flow=0.242686 rec=0.089459 slope=0.008672 curv=0.011489 mae=0.09870 vp_mae=0.17046 vs_mae=0.07028 rho_mae=0.05536
[Step 00029900] epoch=020 batch=00203/01563 loss=0.305422 flow=0.253866 rec=0.101975 slope=0.008918 curv=0.012284 mae=0.10259 vp_mae=0.16901 vs_mae=0.07939 rho_mae=0.05938
[Step 00030000] epoch=020 batch=00303/01563 loss=0.296442 flow=0.248671 rec=0.094431 slope=0.008713 curv=0.012001 mae=0.10128 vp_mae=0.17488 vs_mae=0.07003 rho_mae=0.05892
[Step 00030100] epoch=020 batch=00403/01563 loss=0.321213 flow=0.271325 rec=0.098673 slope=0.008721 curv=0.011509 mae=0.10113 vp_mae=0.16736 vs_mae=0.07873 rho_mae=0.05731
[Step 00030200] epoch=020 batch=00503/01563 loss=0.282429 flow=0.237014 rec=0.089696 slope=0.008894 curv=0.012233 mae=0.09835 vp_mae=0.16642 vs_mae=0.07272 rho_mae=0.05591
[Step 00030300] epoch=020 batch=00603/01563 loss=0.282876 flow=0.232190 rec=0.100255 slope=0.008772 curv=0.012001 mae=0.10540 vp_mae=0.17988 vs_mae=0.07563 rho_mae=0.06069
[Step 00030400] epoch=020 batch=00703/01563 loss=0.309144 flow=0.263075 rec=0.090979 slope=0.009262 curv=0.011648 mae=0.09938 vp_mae=0.16728 vs_mae=0.07489 rho_mae=0.05598
[Step 00030500] epoch=020 batch=00803/01563 loss=0.299755 flow=0.246603 rec=0.105187 slope=0.008806 curv=0.011798 mae=0.10507 vp_mae=0.17615 vs_mae=0.07799 rho_mae=0.06108
[Step 00030600] epoch=020 batch=00903/01563 loss=0.272677 flow=0.231313 rec=0.081583 slope=0.009084 curv=0.011800 mae=0.09384 vp_mae=0.15561 vs_mae=0.07403 rho_mae=0.05189
[Step 00030700] epoch=020 batch=01003/01563 loss=0.265449 flow=0.218422 rec=0.092926 slope=0.008945 curv=0.011694 mae=0.09853 vp_mae=0.16799 vs_mae=0.06952 rho_mae=0.05808
[Step 00030800] epoch=020 batch=01103/01563 loss=0.327011 flow=0.278493 rec=0.095953 slope=0.008632 curv=0.011014 mae=0.09894 vp_mae=0.16571 vs_mae=0.07517 rho_mae=0.05593
[Step 00030900] epoch=020 batch=01203/01563 loss=0.303726 flow=0.247712 rec=0.110923 slope=0.008671 curv=0.011893 mae=0.10827 vp_mae=0.19029 vs_mae=0.07092 rho_mae=0.06362
[Step 00031000] epoch=020 batch=01303/01563 loss=0.319234 flow=0.267569 rec=0.102137 slope=0.009471 curv=0.012291 mae=0.10509 vp_mae=0.17402 vs_mae=0.08364 rho_mae=0.05763
[Step 00031100] epoch=020 batch=01403/01563 loss=0.308714 flow=0.257825 rec=0.100615 slope=0.009220 curv=0.012041 mae=0.10247 vp_mae=0.17235 vs_mae=0.07627 rho_mae=0.05879
[Step 00031200] epoch=020 batch=01503/01563 loss=0.297667 flow=0.251683 rec=0.090900 slope=0.008473 curv=0.011017 mae=0.09744 vp_mae=0.16326 vs_mae=0.07450 rho_mae=0.05455
[Epoch 020/024] time=628.2s lr=7.63e-06 | train: loss=0.29882, flow=0.24936, rec=0.09779, mae=0.1015, vp=0.1709, vs=0.0758, rho=0.0579 | val: loss=0.26676, flow=0.22027, sample_mae=0.1925, sample_vp=0.3329, sample_vs=0.1324, sample_rho=0.1123
[Step 00031300] epoch=021 batch=00040/01563 loss=0.277533 flow=0.228126 rec=0.097598 slope=0.009586 curv=0.012882 mae=0.10484 vp_mae=0.17863 vs_mae=0.07643 rho_mae=0.05945
[Step 00031400] epoch=021 batch=00140/01563 loss=0.328229 flow=0.272846 rec=0.109676 slope=0.008599 curv=0.011543 mae=0.10598 vp_mae=0.17960 vs_mae=0.07922 rho_mae=0.05911
[Step 00031500] epoch=021 batch=00240/01563 loss=0.273504 flow=0.233133 rec=0.079703 slope=0.008188 curv=0.011001 mae=0.09217 vp_mae=0.15644 vs_mae=0.06624 rho_mae=0.05383
[Step 00031600] epoch=021 batch=00340/01563 loss=0.307345 flow=0.259593 rec=0.094396 slope=0.008748 curv=0.011674 mae=0.09831 vp_mae=0.16408 vs_mae=0.07565 rho_mae=0.05521
[Step 00031700] epoch=021 batch=00440/01563 loss=0.318711 flow=0.267087 rec=0.102196 slope=0.008212 curv=0.011489 mae=0.10083 vp_mae=0.17091 vs_mae=0.07111 rho_mae=0.06046
[Step 00031800] epoch=021 batch=00540/01563 loss=0.309451 flow=0.250321 rec=0.117027 slope=0.009782 curv=0.012764 mae=0.11254 vp_mae=0.19145 vs_mae=0.08257 rho_mae=0.06360
[Step 00031900] epoch=021 batch=00640/01563 loss=0.283006 flow=0.241756 rec=0.081437 slope=0.008424 curv=0.011005 mae=0.09239 vp_mae=0.15563 vs_mae=0.06814 rho_mae=0.05341
[Step 00032000] epoch=021 batch=00740/01563 loss=0.310855 flow=0.252025 rec=0.116471 slope=0.009409 curv=0.012427 mae=0.11303 vp_mae=0.18931 vs_mae=0.08375 rho_mae=0.06603
[Step 00032100] epoch=021 batch=00840/01563 loss=0.318714 flow=0.263952 rec=0.108374 slope=0.009033 curv=0.012257 mae=0.10840 vp_mae=0.18361 vs_mae=0.08082 rho_mae=0.06077
[Step 00032200] epoch=021 batch=00940/01563 loss=0.323106 flow=0.273862 rec=0.097444 slope=0.008170 curv=0.011268 mae=0.09955 vp_mae=0.16831 vs_mae=0.07397 rho_mae=0.05638
[Step 00032300] epoch=021 batch=01040/01563 loss=0.319188 flow=0.260310 rec=0.116626 slope=0.008927 curv=0.011895 mae=0.10927 vp_mae=0.18082 vs_mae=0.08704 rho_mae=0.05996
[Step 00032400] epoch=021 batch=01140/01563 loss=0.338421 flow=0.277156 rec=0.121491 slope=0.008170 curv=0.011066 mae=0.11124 vp_mae=0.18424 vs_mae=0.08656 rho_mae=0.06293
[Step 00032500] epoch=021 batch=01240/01563 loss=0.278453 flow=0.229481 rec=0.096891 slope=0.008279 curv=0.011249 mae=0.10213 vp_mae=0.16982 vs_mae=0.07760 rho_mae=0.05898
[Step 00032600] epoch=021 batch=01340/01563 loss=0.290570 flow=0.242451 rec=0.095222 slope=0.007963 curv=0.011002 mae=0.09870 vp_mae=0.16695 vs_mae=0.07260 rho_mae=0.05655
[Step 00032700] epoch=021 batch=01440/01563 loss=0.282400 flow=0.233292 rec=0.097075 slope=0.008976 curv=0.012094 mae=0.09984 vp_mae=0.16537 vs_mae=0.07508 rho_mae=0.05907
[Step 00032800] epoch=021 batch=01540/01563 loss=0.283572 flow=0.240806 rec=0.084486 slope=0.008260 curv=0.010970 mae=0.09212 vp_mae=0.15199 vs_mae=0.07253 rho_mae=0.05182
[Epoch 021/024] time=629.3s lr=4.77e-06 | train: loss=0.29766, flow=0.24878, rec=0.09663, mae=0.1008, vp=0.1696, vs=0.0753, rho=0.0575 | val: loss=0.26702, flow=0.22272, sample_mae=0.1898, sample_vp=0.3298, sample_vs=0.1285, sample_rho=0.1112
[Step 00032900] epoch=022 batch=00077/01563 loss=0.271399 flow=0.234284 rec=0.073178 slope=0.008307 curv=0.011031 mae=0.08757 vp_mae=0.14637 vs_mae=0.06742 rho_mae=0.04892
[Step 00033000] epoch=022 batch=00177/01563 loss=0.275296 flow=0.224701 rec=0.100090 slope=0.008657 curv=0.011623 mae=0.10226 vp_mae=0.17461 vs_mae=0.07253 rho_mae=0.05964
[Step 00033100] epoch=022 batch=00277/01563 loss=0.273270 flow=0.221303 rec=0.102789 slope=0.009058 curv=0.011934 mae=0.10242 vp_mae=0.17610 vs_mae=0.07020 rho_mae=0.06094
[Step 00033200] epoch=022 batch=00377/01563 loss=0.311664 flow=0.256589 rec=0.109038 slope=0.008731 curv=0.011983 mae=0.10840 vp_mae=0.18819 vs_mae=0.07419 rho_mae=0.06281
[Step 00033300] epoch=022 batch=00477/01563 loss=0.325729 flow=0.272551 rec=0.105255 slope=0.008675 curv=0.011698 mae=0.10590 vp_mae=0.17913 vs_mae=0.07788 rho_mae=0.06068
[Step 00033400] epoch=022 batch=00577/01563 loss=0.303054 flow=0.256767 rec=0.091453 slope=0.008878 curv=0.011675 mae=0.09916 vp_mae=0.16696 vs_mae=0.07358 rho_mae=0.05694
[Step 00033500] epoch=022 batch=00677/01563 loss=0.307938 flow=0.258220 rec=0.098290 slope=0.009083 curv=0.011871 mae=0.10082 vp_mae=0.16942 vs_mae=0.07758 rho_mae=0.05547
[Step 00033600] epoch=022 batch=00777/01563 loss=0.282262 flow=0.232906 rec=0.097688 slope=0.007988 curv=0.011268 mae=0.09854 vp_mae=0.16705 vs_mae=0.07347 rho_mae=0.05511
[Step 00033700] epoch=022 batch=00877/01563 loss=0.298784 flow=0.247658 rec=0.101109 slope=0.008997 curv=0.012193 mae=0.10103 vp_mae=0.16667 vs_mae=0.08084 rho_mae=0.05558
[Step 00033800] epoch=022 batch=00977/01563 loss=0.287131 flow=0.238942 rec=0.095140 slope=0.009719 curv=0.013227 mae=0.10208 vp_mae=0.16956 vs_mae=0.08111 rho_mae=0.05557
[Step 00033900] epoch=022 batch=01077/01563 loss=0.304250 flow=0.262090 rec=0.083193 slope=0.008936 curv=0.011733 mae=0.09339 vp_mae=0.15921 vs_mae=0.06675 rho_mae=0.05421
[Step 00034000] epoch=022 batch=01177/01563 loss=0.310871 flow=0.257892 rec=0.104868 slope=0.008637 curv=0.011343 mae=0.10466 vp_mae=0.17696 vs_mae=0.07777 rho_mae=0.05926
[Step 00034100] epoch=022 batch=01277/01563 loss=0.307587 flow=0.245096 rec=0.123735 slope=0.009946 curv=0.012674 mae=0.11801 vp_mae=0.19885 vs_mae=0.08892 rho_mae=0.06627
[Step 00034200] epoch=022 batch=01377/01563 loss=0.274916 flow=0.234272 rec=0.080267 slope=0.008013 curv=0.010933 mae=0.09102 vp_mae=0.15250 vs_mae=0.06818 rho_mae=0.05237
[Step 00034300] epoch=022 batch=01477/01563 loss=0.278654 flow=0.235947 rec=0.084368 slope=0.008214 curv=0.011231 mae=0.09482 vp_mae=0.16077 vs_mae=0.06908 rho_mae=0.05461
[Epoch 022/024] time=633.4s lr=2.69e-06 | train: loss=0.29769, flow=0.24855, rec=0.09717, mae=0.1011, vp=0.1702, vs=0.0754, rho=0.0577 | val: loss=0.26850, flow=0.22358, sample_mae=0.1870, sample_vp=0.3241, sample_vs=0.1279, sample_rho=0.1092
[Step 00034400] epoch=023 batch=00014/01563 loss=0.316635 flow=0.260178 rec=0.111701 slope=0.009494 curv=0.013117 mae=0.10897 vp_mae=0.18545 vs_mae=0.07867 rho_mae=0.06278
[Step 00034500] epoch=023 batch=00114/01563 loss=0.281767 flow=0.230468 rec=0.101404 slope=0.009354 curv=0.012857 mae=0.10509 vp_mae=0.18033 vs_mae=0.07273 rho_mae=0.06220
[Step 00034600] epoch=023 batch=00214/01563 loss=0.262677 flow=0.225151 rec=0.074017 slope=0.008122 curv=0.011121 mae=0.08752 vp_mae=0.14653 vs_mae=0.06538 rho_mae=0.05066
[Step 00034700] epoch=023 batch=00314/01563 loss=0.299434 flow=0.249383 rec=0.098982 slope=0.008840 curv=0.011835 mae=0.10334 vp_mae=0.17238 vs_mae=0.07971 rho_mae=0.05794
[Step 00034800] epoch=023 batch=00414/01563 loss=0.287694 flow=0.240213 rec=0.093847 slope=0.008789 curv=0.011743 mae=0.10047 vp_mae=0.17005 vs_mae=0.07560 rho_mae=0.05577
[Step 00034900] epoch=023 batch=00514/01563 loss=0.295584 flow=0.238552 rec=0.112902 slope=0.009182 curv=0.012132 mae=0.11347 vp_mae=0.19696 vs_mae=0.07911 rho_mae=0.06433
[Step 00035000] epoch=023 batch=00614/01563 loss=0.322063 flow=0.267521 rec=0.108003 slope=0.008576 curv=0.011226 mae=0.10630 vp_mae=0.17713 vs_mae=0.08291 rho_mae=0.05886
[Step 00035100] epoch=023 batch=00714/01563 loss=0.338163 flow=0.285413 rec=0.104362 slope=0.009110 curv=0.011443 mae=0.10322 vp_mae=0.17646 vs_mae=0.07415 rho_mae=0.05906
[Step 00035200] epoch=023 batch=00814/01563 loss=0.290128 flow=0.242975 rec=0.093223 slope=0.008577 curv=0.011299 mae=0.09589 vp_mae=0.16142 vs_mae=0.07226 rho_mae=0.05398
[Step 00035300] epoch=023 batch=00914/01563 loss=0.297368 flow=0.252890 rec=0.087889 slope=0.008458 curv=0.011058 mae=0.09588 vp_mae=0.16056 vs_mae=0.07265 rho_mae=0.05443
[Step 00035400] epoch=023 batch=01014/01563 loss=0.305860 flow=0.246147 rec=0.118229 slope=0.009510 curv=0.012332 mae=0.11226 vp_mae=0.18813 vs_mae=0.08331 rho_mae=0.06535
[Step 00035500] epoch=023 batch=01114/01563 loss=0.288086 flow=0.239542 rec=0.095954 slope=0.008981 curv=0.011825 mae=0.09866 vp_mae=0.16762 vs_mae=0.06998 rho_mae=0.05840
[Step 00035600] epoch=023 batch=01214/01563 loss=0.284716 flow=0.246063 rec=0.076268 slope=0.008173 curv=0.010982 mae=0.08906 vp_mae=0.15477 vs_mae=0.05933 rho_mae=0.05307
[Step 00035700] epoch=023 batch=01314/01563 loss=0.323430 flow=0.277446 rec=0.090898 slope=0.008491 curv=0.011037 mae=0.09583 vp_mae=0.15980 vs_mae=0.07385 rho_mae=0.05385
[Step 00035800] epoch=023 batch=01414/01563 loss=0.316149 flow=0.261965 rec=0.107214 slope=0.009098 curv=0.012198 mae=0.10845 vp_mae=0.18103 vs_mae=0.08168 rho_mae=0.06266
[Step 00035900] epoch=023 batch=01514/01563 loss=0.313617 flow=0.267183 rec=0.091826 slope=0.008186 curv=0.011066 mae=0.09882 vp_mae=0.16656 vs_mae=0.07147 rho_mae=0.05844
[Epoch 023/024] time=633.3s lr=1.42e-06 | train: loss=0.29748, flow=0.24845, rec=0.09693, mae=0.1010, vp=0.1701, vs=0.0754, rho=0.0576 | val: loss=0.25719, flow=0.21253, sample_mae=0.1909, sample_vp=0.3304, sample_vs=0.1311, sample_rho=0.1113
  -> Best model saved to ckpt/disp2struct_crf.v1.3_cp/best.pt
[Step 00036000] epoch=024 batch=00051/01563 loss=0.287745 flow=0.238639 rec=0.097089 slope=0.008935 curv=0.011453 mae=0.10155 vp_mae=0.16822 vs_mae=0.07815 rho_mae=0.05827
[Step 00036100] epoch=024 batch=00151/01563 loss=0.317014 flow=0.261903 rec=0.109085 slope=0.008941 curv=0.012109 mae=0.10743 vp_mae=0.18345 vs_mae=0.07758 rho_mae=0.06127
[Step 00036200] epoch=024 batch=00251/01563 loss=0.291872 flow=0.243886 rec=0.094868 slope=0.008780 curv=0.011345 mae=0.09927 vp_mae=0.16658 vs_mae=0.07488 rho_mae=0.05634
[Step 00036300] epoch=024 batch=00351/01563 loss=0.301345 flow=0.260352 rec=0.080964 slope=0.008179 curv=0.010282 mae=0.09221 vp_mae=0.15454 vs_mae=0.06854 rho_mae=0.05354
[Step 00036400] epoch=024 batch=00451/01563 loss=0.314884 flow=0.268619 rec=0.091457 slope=0.008406 curv=0.011671 mae=0.09573 vp_mae=0.16240 vs_mae=0.07117 rho_mae=0.05362
[Step 00036500] epoch=024 batch=00551/01563 loss=0.289555 flow=0.244225 rec=0.089614 slope=0.008228 curv=0.011192 mae=0.09363 vp_mae=0.15568 vs_mae=0.07403 rho_mae=0.05117
[Step 00036600] epoch=024 batch=00651/01563 loss=0.302095 flow=0.255867 rec=0.091350 slope=0.008780 curv=0.011433 mae=0.09706 vp_mae=0.16450 vs_mae=0.07063 rho_mae=0.05606
[Step 00036700] epoch=024 batch=00751/01563 loss=0.285390 flow=0.228633 rec=0.112279 slope=0.009762 curv=0.012965 mae=0.11033 vp_mae=0.18709 vs_mae=0.08055 rho_mae=0.06334
[Step 00036800] epoch=024 batch=00851/01563 loss=0.289626 flow=0.240383 rec=0.097221 slope=0.009997 curv=0.013334 mae=0.10578 vp_mae=0.17651 vs_mae=0.08211 rho_mae=0.05873
[Step 00036900] epoch=024 batch=00951/01563 loss=0.293075 flow=0.254966 rec=0.075152 slope=0.008364 curv=0.011446 mae=0.08613 vp_mae=0.14237 vs_mae=0.06595 rho_mae=0.05007
[Step 00037000] epoch=024 batch=01051/01563 loss=0.282583 flow=0.236906 rec=0.090243 slope=0.008755 curv=0.011721 mae=0.09661 vp_mae=0.16173 vs_mae=0.07454 rho_mae=0.05355
[Step 00037100] epoch=024 batch=01151/01563 loss=0.287067 flow=0.239099 rec=0.094831 slope=0.008598 curv=0.012311 mae=0.09838 vp_mae=0.16118 vs_mae=0.07981 rho_mae=0.05414
[Step 00037200] epoch=024 batch=01251/01563 loss=0.253666 flow=0.211840 rec=0.082495 slope=0.009058 curv=0.012551 mae=0.09441 vp_mae=0.15969 vs_mae=0.06916 rho_mae=0.05436
[Step 00037300] epoch=024 batch=01351/01563 loss=0.285691 flow=0.235755 rec=0.098741 slope=0.008857 curv=0.012183 mae=0.10078 vp_mae=0.16999 vs_mae=0.07569 rho_mae=0.05667
[Step 00037400] epoch=024 batch=01451/01563 loss=0.275266 flow=0.233116 rec=0.083273 slope=0.008067 curv=0.010916 mae=0.09132 vp_mae=0.15407 vs_mae=0.06760 rho_mae=0.05229
[Step 00037500] epoch=024 batch=01551/01563 loss=0.306790 flow=0.256533 rec=0.099425 slope=0.008602 curv=0.011456 mae=0.10202 vp_mae=0.17244 vs_mae=0.07519 rho_mae=0.05844
[Epoch 024/024] time=634.6s lr=1.00e-06 | train: loss=0.29636, flow=0.24763, rec=0.09635, mae=0.1007, vp=0.1696, vs=0.0752, rho=0.0574 | val: loss=0.26432, flow=0.21907, sample_mae=0.1938, sample_vp=0.3360, sample_vs=0.1320, sample_rho=0.1134
========== Disp2Struct Control-Point CRF v1.3 Training Done ==========
Best score: 0.257193
[done] DI-Strong v1.3 checkpoint directory: ckpt/disp2struct_crf.v1.3_cp
